Archive member included to satisfy reference by file (symbol)

C:/Users/diego/.pico-sdk/toolchain/13_3_Rel1/bin/../lib/gcc/arm-none-eabi/13.3.1/thumb/v6-m/nofp\libgcc.a(_dvmd_tls.o)
                              CMakeFiles/projeto.dir/C_/Users/diego/.pico-sdk/sdk/1.5.1/src/rp2_common/pico_divider/divider.S.obj (__aeabi_idiv0)
C:/Users/diego/.pico-sdk/toolchain/13_3_Rel1/bin/../lib/gcc/arm-none-eabi/13.3.1/thumb/v6-m/nofp\libc.a(libc_a-atoi.o)
                              CMakeFiles/projeto.dir/C_/Users/diego/.pico-sdk/sdk/1.5.1/lib/lwip/src/core/netif.c.obj (atoi)
C:/Users/diego/.pico-sdk/toolchain/13_3_Rel1/bin/../lib/gcc/arm-none-eabi/13.3.1/thumb/v6-m/nofp\libc.a(libc_a-calloc.o)
                              CMakeFiles/projeto.dir/C_/Users/diego/.pico-sdk/sdk/1.5.1/src/rp2_common/pico_malloc/pico_malloc.c.obj (calloc)
C:/Users/diego/.pico-sdk/toolchain/13_3_Rel1/bin/../lib/gcc/arm-none-eabi/13.3.1/thumb/v6-m/nofp\libc.a(libc_a-callocr.o)
                              C:/Users/diego/.pico-sdk/toolchain/13_3_Rel1/bin/../lib/gcc/arm-none-eabi/13.3.1/thumb/v6-m/nofp\libc.a(libc_a-calloc.o) (_calloc_r)
C:/Users/diego/.pico-sdk/toolchain/13_3_Rel1/bin/../lib/gcc/arm-none-eabi/13.3.1/thumb/v6-m/nofp\libc.a(libc_a-malloc.o)
                              CMakeFiles/projeto.dir/C_/Users/diego/.pico-sdk/sdk/1.5.1/src/rp2_common/pico_malloc/pico_malloc.c.obj (malloc)
C:/Users/diego/.pico-sdk/toolchain/13_3_Rel1/bin/../lib/gcc/arm-none-eabi/13.3.1/thumb/v6-m/nofp\libc.a(libc_a-mallocr.o)
                              C:/Users/diego/.pico-sdk/toolchain/13_3_Rel1/bin/../lib/gcc/arm-none-eabi/13.3.1/thumb/v6-m/nofp\libc.a(libc_a-callocr.o) (_malloc_r)
C:/Users/diego/.pico-sdk/toolchain/13_3_Rel1/bin/../lib/gcc/arm-none-eabi/13.3.1/thumb/v6-m/nofp\libc.a(libc_a-mlock.o)
                              C:/Users/diego/.pico-sdk/toolchain/13_3_Rel1/bin/../lib/gcc/arm-none-eabi/13.3.1/thumb/v6-m/nofp\libc.a(libc_a-mallocr.o) (__malloc_lock)
C:/Users/diego/.pico-sdk/toolchain/13_3_Rel1/bin/../lib/gcc/arm-none-eabi/13.3.1/thumb/v6-m/nofp\libc.a(libc_a-realloc.o)
                              CMakeFiles/projeto.dir/C_/Users/diego/.pico-sdk/sdk/1.5.1/src/rp2_common/pico_malloc/pico_malloc.c.obj (realloc)
C:/Users/diego/.pico-sdk/toolchain/13_3_Rel1/bin/../lib/gcc/arm-none-eabi/13.3.1/thumb/v6-m/nofp\libc.a(libc_a-reallocr.o)
                              C:/Users/diego/.pico-sdk/toolchain/13_3_Rel1/bin/../lib/gcc/arm-none-eabi/13.3.1/thumb/v6-m/nofp\libc.a(libc_a-realloc.o) (_realloc_r)
C:/Users/diego/.pico-sdk/toolchain/13_3_Rel1/bin/../lib/gcc/arm-none-eabi/13.3.1/thumb/v6-m/nofp\libc.a(libc_a-strtol.o)
                              C:/Users/diego/.pico-sdk/toolchain/13_3_Rel1/bin/../lib/gcc/arm-none-eabi/13.3.1/thumb/v6-m/nofp\libc.a(libc_a-atoi.o) (_strtol_r)
C:/Users/diego/.pico-sdk/toolchain/13_3_Rel1/bin/../lib/gcc/arm-none-eabi/13.3.1/thumb/v6-m/nofp\libc.a(libc_a-ctype_.o)
                              CMakeFiles/projeto.dir/inc/ssd1306_i2c.c.obj (_ctype_)
C:/Users/diego/.pico-sdk/toolchain/13_3_Rel1/bin/../lib/gcc/arm-none-eabi/13.3.1/thumb/v6-m/nofp\libc.a(libc_a-sscanf.o)
                              CMakeFiles/projeto.dir/projeto.c.obj (sscanf)
C:/Users/diego/.pico-sdk/toolchain/13_3_Rel1/bin/../lib/gcc/arm-none-eabi/13.3.1/thumb/v6-m/nofp\libc.a(libc_a-stdio.o)
                              C:/Users/diego/.pico-sdk/toolchain/13_3_Rel1/bin/../lib/gcc/arm-none-eabi/13.3.1/thumb/v6-m/nofp\libc.a(libc_a-sscanf.o) (__seofread)
C:/Users/diego/.pico-sdk/toolchain/13_3_Rel1/bin/../lib/gcc/arm-none-eabi/13.3.1/thumb/v6-m/nofp\libc.a(libc_a-memcmp.o)
                              CMakeFiles/projeto.dir/C_/Users/diego/.pico-sdk/sdk/1.5.1/lib/lwip/src/netif/ethernet.c.obj (memcmp)
C:/Users/diego/.pico-sdk/toolchain/13_3_Rel1/bin/../lib/gcc/arm-none-eabi/13.3.1/thumb/v6-m/nofp\libc.a(libc_a-memmove.o)
                              CMakeFiles/projeto.dir/C_/Users/diego/.pico-sdk/sdk/1.5.1/lib/lwip/src/core/def.c.obj (memmove)
C:/Users/diego/.pico-sdk/toolchain/13_3_Rel1/bin/../lib/gcc/arm-none-eabi/13.3.1/thumb/v6-m/nofp\libc.a(libc_a-strchr.o)
                              CMakeFiles/projeto.dir/projeto.c.obj (strchr)
C:/Users/diego/.pico-sdk/toolchain/13_3_Rel1/bin/../lib/gcc/arm-none-eabi/13.3.1/thumb/v6-m/nofp\libc.a(libc_a-strncmp.o)
                              CMakeFiles/projeto.dir/projeto.c.obj (strncmp)
C:/Users/diego/.pico-sdk/toolchain/13_3_Rel1/bin/../lib/gcc/arm-none-eabi/13.3.1/thumb/v6-m/nofp\libc.a(libc_a-strncpy.o)
                              CMakeFiles/projeto.dir/projeto.c.obj (strncpy)
C:/Users/diego/.pico-sdk/toolchain/13_3_Rel1/bin/../lib/gcc/arm-none-eabi/13.3.1/thumb/v6-m/nofp\libc.a(libc_a-strstr.o)
                              CMakeFiles/projeto.dir/projeto.c.obj (strstr)
C:/Users/diego/.pico-sdk/toolchain/13_3_Rel1/bin/../lib/gcc/arm-none-eabi/13.3.1/thumb/v6-m/nofp\libc.a(libc_a-stpcpy.o)
                              CMakeFiles/projeto.dir/projeto.c.obj (stpcpy)
[...]
Memory Configuration

Name             Origin             Length             Attributes
FLASH            0x10000000         0x00200000         xr
RAM              0x20000000         0x00040000         xrw
SCRATCH_X        0x20040000         0x00001000         xrw
SCRATCH_Y        0x20041000         0x00001000         xrw
*default*        0x00000000         0xffffffff

Linker script and memory map

LOAD C:/Users/diego/.pico-sdk/toolchain/13_3_Rel1/bin/../lib/gcc/arm-none-eabi/13.3.1/thumb/v6-m/nofp/crti.o
LOAD C:/Users/diego/.pico-sdk/toolchain/13_3_Rel1/bin/../lib/gcc/arm-none-eabi/13.3.1/thumb/v6-m/nofp/crtbegin.o
LOAD C:/Users/diego/.pico-sdk/toolchain/13_3_Rel1/bin/../lib/gcc/arm-none-eabi/13.3.1/thumb/v6-m/nofp/crt0.o

.flash_begin    0x10000000        0x0
                0x10000000                        __flash_binary_start = .

.boot2          0x10000000      0x100
                0x10000000                        __boot2_start__ = .
 *(.boot2)
 .boot2         0x10000000      0x100 C:\Users\diego\AppData\Local\Temp\cc2zW0Qn.o
                0x10000100                        __boot2_end__ = .
                0x00000001                        ASSERT (((__boot2_end__ - __boot2_start__) == 0x100), ERROR: Pico second stage bootloader must be 256 bytes in size)

.text           0x10000100    0x22098
                0x10000100                        __logical_binary_start = .
 *(.vectors)
 .vectors       0x10000100       0xd4 CMakeFiles/projeto.dir/C_/Users/diego/.pico-sdk/sdk/1.5.1/src/rp2_common/pico_standard_link/crt0.S.obj
                0x10000100                __VECTOR_TABLE
                0x10000100                __vectors
                0x100001c0                isr_invalid
                0x100001c0                __default_isrs_start
                0x100001c2                isr_nmi
                0x100001c4                isr_hardfault
                0x100001c6                isr_svcall
                0x100001c8                isr_pendsv
                0x100001ca                isr_systick
                0x100001cc                isr_irq23
                0x100001cc                isr_irq18
                0x100001cc                isr_irq11
                0x100001cc                isr_irq28
                0x100001cc                isr_irq19
                0x100001cc                isr_irq0
                0x100001cc                isr_irq6
                0x100001cc                isr_irq5
                0x100001cc                isr_irq12
                0x100001cc                isr_irq22
                0x100001cc                isr_irq31
                0x100001cc                isr_irq17
                0x100001cc                isr_irq27
                0x100001cc                isr_irq30
                0x100001cc                isr_irq2
                0x100001cc                isr_irq10
                0x100001cc                isr_irq8
                0x100001cc                isr_irq24
                0x100001cc                isr_irq1
                0x100001cc                isr_irq7
                0x100001cc                isr_irq21
                0x100001cc                isr_irq20
                0x100001cc                isr_irq15
                0x100001cc                isr_irq25
                0x100001cc                isr_irq13
                0x100001cc                __unhandled_user_irq
                0x100001cc                isr_irq4
                0x100001cc                isr_irq16
                0x100001cc                isr_irq29
                0x100001cc                isr_irq26
                0x100001cc                __default_isrs_end
                0x100001cc                isr_irq3
                0x100001cc                isr_irq14
                0x100001cc                isr_irq9
                0x100001d2                unhandled_user_irq_num_in_r0
 *(.binary_info_header)
 .binary_info_header
                0x100001d4       0x14 CMakeFiles/projeto.dir/C_/Users/diego/.pico-sdk/sdk/1.5.1/src/rp2_common/pico_standard_link/crt0.S.obj
                0x100001e8                        __binary_info_header_end = .
 *(.reset)
 .reset         0x100001e8       0xa0 CMakeFiles/projeto.dir/C_/Users/diego/.pico-sdk/sdk/1.5.1/src/rp2_common/pico_standard_link/crt0.S.obj
                0x100001e8                _entry_point
 .reset         0x10000288       0x30 CMakeFiles/projeto.dir/C_/Users/diego/.pico-sdk/sdk/1.5.1/src/rp2_common/pico_standard_link/binary_info.c.obj
 *(.init)
 .init          0x100002b8        0x4 C:/Users/diego/.pico-sdk/toolchain/13_3_Rel1/bin/../lib/gcc/arm-none-eabi/13.3.1/thumb/v6-m/nofp/crti.o
                0x100002b8                _init
 *(EXCLUDE_FILE(*libm.a: *libc.a:*lib_a-mem*.o *libgcc.a:) .text*)
 .text.register_tm_clones
                0x100002bc       0x28 C:/Users/diego/.pico-sdk/toolchain/13_3_Rel1/bin/../lib/gcc/arm-none-eabi/13.3.1/thumb/v6-m/nofp/crtbegin.o
 .text.frame_dummy
                0x100002e4       0x24 C:/Users/diego/.pico-sdk/toolchain/13_3_Rel1/bin/../lib/gcc/arm-none-eabi/13.3.1/thumb/v6-m/nofp/crtbegin.o
 .text.ntp_recv_callback
                0x10000308       0x8c CMakeFiles/projeto.dir/projeto.c.obj
                0x10000308                ntp_recv_callback
 .text.adc_gpio_init
                0x10000394       0x20 CMakeFiles/projeto.dir/projeto.c.obj
 .text.connection_callback
                0x100003b4       0x14 CMakeFiles/projeto.dir/projeto.c.obj
 .text.clear_display.constprop.0
                0x100003c8       0x24 CMakeFiles/projeto.dir/projeto.c.obj
 .text.display.constprop.1
                0x100003ec       0x24 CMakeFiles/projeto.dir/projeto.c.obj
 .text.display.constprop.2
                0x10000410       0x24 CMakeFiles/projeto.dir/projeto.c.obj
 .text.ntp_dns_found
                0x10000434       0x58 CMakeFiles/projeto.dir/projeto.c.obj
                0x10000434                ntp_dns_found
 .text.ws2818b_program_init
                0x1000048c       0xd0 CMakeFiles/projeto.dir/projeto.c.obj
                0x1000048c                ws2818b_program_init
 .text.generate_irrig_string
                0x1000055c       0x9c CMakeFiles/projeto.dir/projeto.c.obj
                0x1000055c                generate_irrig_string
 .text.pwm_init_buzzer
                0x100005f8       0x60 CMakeFiles/projeto.dir/projeto.c.obj
                0x100005f8                pwm_init_buzzer
 .text.play_tone
                0x10000658       0x74 CMakeFiles/projeto.dir/projeto.c.obj
                0x10000658                play_tone
 .text.npInit   0x100006cc       0x80 CMakeFiles/projeto.dir/projeto.c.obj
                0x100006cc                npInit
 .text.npWrite  0x1000074c       0x58 CMakeFiles/projeto.dir/projeto.c.obj
                0x1000074c                npWrite
 .text.change_led_state
                0x100007a4      0x3e4 CMakeFiles/projeto.dir/projeto.c.obj
                0x100007a4                change_led_state
 .text.start_ntp
                0x10000b88       0xc0 CMakeFiles/projeto.dir/projeto.c.obj
                0x10000b88                start_ntp
 .text.on_joystick_move
                0x10000c48      0x114 CMakeFiles/projeto.dir/projeto.c.obj
                0x10000c48                on_joystick_move
 .text.on_button_press
                0x10000d5c      0x9ec CMakeFiles/projeto.dir/projeto.c.obj
                0x10000d5c                on_button_press
 .text.button_callback
                0x10001748       0x74 CMakeFiles/projeto.dir/projeto.c.obj
                0x10001748                button_callback
 .text.exibir_horario
                0x100017bc       0xb4 CMakeFiles/projeto.dir/projeto.c.obj
                0x100017bc                exibir_horario
 .text.generate_html_page
                0x10001870       0x84 CMakeFiles/projeto.dir/projeto.c.obj
                0x10001870                generate_html_page
 .text.process_request
                0x100018f4      0x274 CMakeFiles/projeto.dir/projeto.c.obj
                0x100018f4                process_request
 .text.http_callback
                0x10001b68       0x20 CMakeFiles/projeto.dir/projeto.c.obj
 .text.check_wifi_connection
                0x10001b88      0x19c CMakeFiles/projeto.dir/projeto.c.obj
                0x10001b88                check_wifi_connection
 .text.startup.main
                0x10001d24     0x108c CMakeFiles/projeto.dir/projeto.c.obj
                0x10001d24                main
 .text.calculate_render_area_buffer_length
                0x10002db0       0x18 CMakeFiles/projeto.dir/inc/ssd1306_i2c.c.obj
                0x10002db0                calculate_render_area_buffer_length
 .text.ssd1306_init
                0x10002dc8       0x58 CMakeFiles/projeto.dir/inc/ssd1306_i2c.c.obj
                0x10002dc8                ssd1306_init
 .text.render_on_display
                0x10002e20       0x98 CMakeFiles/projeto.dir/inc/ssd1306_i2c.c.obj
                0x10002e20                render_on_display
 .text.ssd1306_draw_string
                0x10002eb8      0x184 CMakeFiles/projeto.dir/inc/ssd1306_i2c.c.obj
                0x10002eb8                ssd1306_draw_string
 .text.gpio_default_irq_handler
                0x1000303c      0x24c CMakeFiles/projeto.dir/C_/Users/diego/.pico-sdk/sdk/1.5.1/src/rp2_common/hardware_gpio/gpio.c.obj
 .text.gpio_set_function
                0x10003288       0x30 CMakeFiles/projeto.dir/C_/Users/diego/.pico-sdk/sdk/1.5.1/src/rp2_common/hardware_gpio/gpio.c.obj
                0x10003288                gpio_set_function
 .text.gpio_set_pulls
                0x100032b8       0x24 CMakeFiles/projeto.dir/C_/Users/diego/.pico-sdk/sdk/1.5.1/src/rp2_common/hardware_gpio/gpio.c.obj
                0x100032b8                gpio_set_pulls
 .text.gpio_set_input_hysteresis_enabled
                0x100032dc       0x28 CMakeFiles/projeto.dir/C_/Users/diego/.pico-sdk/sdk/1.5.1/src/rp2_common/hardware_gpio/gpio.c.obj
                0x100032dc                gpio_set_input_hysteresis_enabled
 .text.gpio_set_irq_enabled
                0x10003304       0x54 CMakeFiles/projeto.dir/C_/Users/diego/.pico-sdk/sdk/1.5.1/src/rp2_common/hardware_gpio/gpio.c.obj
                0x10003304                gpio_set_irq_enabled
 .text.gpio_set_irq_enabled_with_callback
                0x10003358       0xc4 CMakeFiles/projeto.dir/C_/Users/diego/.pico-sdk/sdk/1.5.1/src/rp2_common/hardware_gpio/gpio.c.obj
                0x10003358                gpio_set_irq_enabled_with_callback
 .text.gpio_add_raw_irq_handler_with_order_priority_masked
                0x1000341c       0x44 CMakeFiles/projeto.dir/C_/Users/diego/.pico-sdk/sdk/1.5.1/src/rp2_common/hardware_gpio/gpio.c.obj
                0x1000341c                gpio_add_raw_irq_handler_with_order_priority_masked
 .text.gpio_remove_raw_irq_handler_masked
                0x10003460       0x20 CMakeFiles/projeto.dir/C_/Users/diego/.pico-sdk/sdk/1.5.1/src/rp2_common/hardware_gpio/gpio.c.obj
                0x10003460                gpio_remove_raw_irq_handler_masked
 .text.gpio_set_input_enabled
                0x10003480       0x28 CMakeFiles/projeto.dir/C_/Users/diego/.pico-sdk/sdk/1.5.1/src/rp2_common/hardware_gpio/gpio.c.obj
                0x10003480                gpio_set_input_enabled
 .text.gpio_init
                0x100034a8       0x3c CMakeFiles/projeto.dir/C_/Users/diego/.pico-sdk/sdk/1.5.1/src/rp2_common/hardware_gpio/gpio.c.obj
                0x100034a8                gpio_init
 .text.running_on_fpga
                0x100034e4       0x10 CMakeFiles/projeto.dir/C_/Users/diego/.pico-sdk/sdk/1.5.1/src/rp2_common/pico_platform/platform.c.obj
                0x100034e4                running_on_fpga
 .text.hw_claim_lock
                0x100034f4       0x18 CMakeFiles/projeto.dir/C_/Users/diego/.pico-sdk/sdk/1.5.1/src/rp2_common/hardware_claim/claim.c.obj
                0x100034f4                hw_claim_lock
 .text.hw_claim_unlock
                0x1000350c       0x14 CMakeFiles/projeto.dir/C_/Users/diego/.pico-sdk/sdk/1.5.1/src/rp2_common/hardware_claim/claim.c.obj
                0x1000350c                hw_claim_unlock
 .text.hw_claim_or_assert
                0x10003520       0x44 CMakeFiles/projeto.dir/C_/Users/diego/.pico-sdk/sdk/1.5.1/src/rp2_common/hardware_claim/claim.c.obj
                0x10003520                hw_claim_or_assert
 .text.hw_claim_unused_from_range
                0x10003564       0x9c CMakeFiles/projeto.dir/C_/Users/diego/.pico-sdk/sdk/1.5.1/src/rp2_common/hardware_claim/claim.c.obj
                0x10003564                hw_claim_unused_from_range
 .text.hw_claim_clear
                0x10003600       0x38 CMakeFiles/projeto.dir/C_/Users/diego/.pico-sdk/sdk/1.5.1/src/rp2_common/hardware_claim/claim.c.obj
                0x10003600                hw_claim_clear
 .text.spin_locks_reset
                0x10003638       0x1c CMakeFiles/projeto.dir/C_/Users/diego/.pico-sdk/sdk/1.5.1/src/rp2_common/hardware_sync/sync.c.obj
                0x10003638                spin_locks_reset
 .text.next_striped_spin_lock_num
                0x10003654       0x18 CMakeFiles/projeto.dir/C_/Users/diego/.pico-sdk/sdk/1.5.1/src/rp2_common/hardware_sync/sync.c.obj
                0x10003654                next_striped_spin_lock_num
 .text.spin_lock_claim_unused
                0x1000366c       0x24 CMakeFiles/projeto.dir/C_/Users/diego/.pico-sdk/sdk/1.5.1/src/rp2_common/hardware_sync/sync.c.obj
                0x1000366c                spin_lock_claim_unused
 .text.irq_set_enabled
                0x10003690       0x24 CMakeFiles/projeto.dir/C_/Users/diego/.pico-sdk/sdk/1.5.1/src/rp2_common/hardware_irq/irq.c.obj
                0x10003690                irq_set_enabled
 .text.irq_set_pending
                0x100036b4       0x10 CMakeFiles/projeto.dir/C_/Users/diego/.pico-sdk/sdk/1.5.1/src/rp2_common/hardware_irq/irq.c.obj
                0x100036b4                irq_set_pending
 .text.irq_has_shared_handler
                0x100036c4       0x2c CMakeFiles/projeto.dir/C_/Users/diego/.pico-sdk/sdk/1.5.1/src/rp2_common/hardware_irq/irq.c.obj
                0x100036c4                irq_has_shared_handler
 .text.irq_get_vtable_handler
                0x100036f0       0x10 CMakeFiles/projeto.dir/C_/Users/diego/.pico-sdk/sdk/1.5.1/src/rp2_common/hardware_irq/irq.c.obj
                0x100036f0                irq_get_vtable_handler
 .text.irq_set_exclusive_handler
                0x10003700       0x54 CMakeFiles/projeto.dir/C_/Users/diego/.pico-sdk/sdk/1.5.1/src/rp2_common/hardware_irq/irq.c.obj
                0x10003700                irq_set_exclusive_handler
 .text.irq_add_shared_handler
                0x10003754      0x1f4 CMakeFiles/projeto.dir/C_/Users/diego/.pico-sdk/sdk/1.5.1/src/rp2_common/hardware_irq/irq.c.obj
                0x10003754                irq_add_shared_handler
 .text.irq_remove_handler
                0x10003948      0x1c4 CMakeFiles/projeto.dir/C_/Users/diego/.pico-sdk/sdk/1.5.1/src/rp2_common/hardware_irq/irq.c.obj
                0x10003948                irq_remove_handler
 .text.irq_set_priority
                0x10003b0c       0x28 CMakeFiles/projeto.dir/C_/Users/diego/.pico-sdk/sdk/1.5.1/src/rp2_common/hardware_irq/irq.c.obj
                0x10003b0c                irq_set_priority
 .text.irq_add_tail_to_free_list
                0x10003b34       0xb4 CMakeFiles/projeto.dir/C_/Users/diego/.pico-sdk/sdk/1.5.1/src/rp2_common/hardware_irq/irq.c.obj
                0x10003b34                irq_add_tail_to_free_list
 .text.irq_init_priorities
                0x10003be8       0x24 CMakeFiles/projeto.dir/C_/Users/diego/.pico-sdk/sdk/1.5.1/src/rp2_common/hardware_irq/irq.c.obj
                0x10003be8                irq_init_priorities
 .text.user_irq_unclaim
                0x10003c0c       0x14 CMakeFiles/projeto.dir/C_/Users/diego/.pico-sdk/sdk/1.5.1/src/rp2_common/hardware_irq/irq.c.obj
                0x10003c0c                user_irq_unclaim
 .text.user_irq_claim_unused
                0x10003c20       0x2c CMakeFiles/projeto.dir/C_/Users/diego/.pico-sdk/sdk/1.5.1/src/rp2_common/hardware_irq/irq.c.obj
                0x10003c20                user_irq_claim_unused
 .text.sem_init
                0x10003c4c       0x20 CMakeFiles/projeto.dir/C_/Users/diego/.pico-sdk/sdk/1.5.1/src/common/pico_sync/sem.c.obj
                0x10003c4c                sem_init
 .text.lock_init
                0x10003c6c       0x10 CMakeFiles/projeto.dir/C_/Users/diego/.pico-sdk/sdk/1.5.1/src/common/pico_sync/lock_core.c.obj
                0x10003c6c                lock_init
 .text.mutex_init
                0x10003c7c       0x1c CMakeFiles/projeto.dir/C_/Users/diego/.pico-sdk/sdk/1.5.1/src/common/pico_sync/mutex.c.obj
                0x10003c7c                mutex_init
 .text.recursive_mutex_init
                0x10003c98       0x1c CMakeFiles/projeto.dir/C_/Users/diego/.pico-sdk/sdk/1.5.1/src/common/pico_sync/mutex.c.obj
                0x10003c98                recursive_mutex_init
 .text.critical_section_init
                0x10003cb4       0x1c CMakeFiles/projeto.dir/C_/Users/diego/.pico-sdk/sdk/1.5.1/src/common/pico_sync/critical_section.c.obj
                0x10003cb4                critical_section_init
 .text.critical_section_init_with_lock_num
                0x10003cd0       0x14 CMakeFiles/projeto.dir/C_/Users/diego/.pico-sdk/sdk/1.5.1/src/common/pico_sync/critical_section.c.obj
                0x10003cd0                critical_section_init_with_lock_num
 .text.timer_pool_entry_comparator
                0x10003ce4       0x34 CMakeFiles/projeto.dir/C_/Users/diego/.pico-sdk/sdk/1.5.1/src/common/pico_time/time.c.obj
                0x10003ce4                timer_pool_entry_comparator
 .text.sleep_until_callback
                0x10003d18       0x30 CMakeFiles/projeto.dir/C_/Users/diego/.pico-sdk/sdk/1.5.1/src/common/pico_time/time.c.obj
 .text.add_alarm_under_lock.isra.0
                0x10003d48      0x100 CMakeFiles/projeto.dir/C_/Users/diego/.pico-sdk/sdk/1.5.1/src/common/pico_time/time.c.obj
 .text.alarm_pool_alarm_callback
                0x10003e48      0x1c0 CMakeFiles/projeto.dir/C_/Users/diego/.pico-sdk/sdk/1.5.1/src/common/pico_time/time.c.obj
 .text.alarm_pool_init_default
                0x10004008       0x6c CMakeFiles/projeto.dir/C_/Users/diego/.pico-sdk/sdk/1.5.1/src/common/pico_time/time.c.obj
                0x10004008                alarm_pool_init_default
 .text.alarm_pool_get_default
                0x10004074        0x8 CMakeFiles/projeto.dir/C_/Users/diego/.pico-sdk/sdk/1.5.1/src/common/pico_time/time.c.obj
                0x10004074                alarm_pool_get_default
 .text.alarm_pool_add_alarm_at
                0x1000407c      0x17c CMakeFiles/projeto.dir/C_/Users/diego/.pico-sdk/sdk/1.5.1/src/common/pico_time/time.c.obj
                0x1000407c                alarm_pool_add_alarm_at
 .text.alarm_pool_cancel_alarm
                0x100041f8       0x70 CMakeFiles/projeto.dir/C_/Users/diego/.pico-sdk/sdk/1.5.1/src/common/pico_time/time.c.obj
                0x100041f8                alarm_pool_cancel_alarm
 .text.alarm_pool_core_num
                0x10004268        0x4 CMakeFiles/projeto.dir/C_/Users/diego/.pico-sdk/sdk/1.5.1/src/common/pico_time/time.c.obj
                0x10004268                alarm_pool_core_num
 .text.sleep_until
                0x1000426c       0xc4 CMakeFiles/projeto.dir/C_/Users/diego/.pico-sdk/sdk/1.5.1/src/common/pico_time/time.c.obj
                0x1000426c                sleep_until
 .text.sleep_us
                0x10004330       0x28 CMakeFiles/projeto.dir/C_/Users/diego/.pico-sdk/sdk/1.5.1/src/common/pico_time/time.c.obj
                0x10004330                sleep_us
 .text.sleep_ms
                0x10004358       0x38 CMakeFiles/projeto.dir/C_/Users/diego/.pico-sdk/sdk/1.5.1/src/common/pico_time/time.c.obj
                0x10004358                sleep_ms
 .text.best_effort_wfe_or_timeout
                0x10004390       0xcc CMakeFiles/projeto.dir/C_/Users/diego/.pico-sdk/sdk/1.5.1/src/common/pico_time/time.c.obj
                0x10004390                best_effort_wfe_or_timeout
 .text.hardware_alarm_irq_handler
                0x1000445c       0xbc CMakeFiles/projeto.dir/C_/Users/diego/.pico-sdk/sdk/1.5.1/src/rp2_common/hardware_timer/timer.c.obj
 .text.hardware_alarm_claim
                0x10004518       0x18 CMakeFiles/projeto.dir/C_/Users/diego/.pico-sdk/sdk/1.5.1/src/rp2_common/hardware_timer/timer.c.obj
                0x10004518                hardware_alarm_claim
 .text.time_us_64
                0x10004530       0x14 CMakeFiles/projeto.dir/C_/Users/diego/.pico-sdk/sdk/1.5.1/src/rp2_common/hardware_timer/timer.c.obj
                0x10004530                time_us_64
 .text.busy_wait_until
                0x10004544       0x20 CMakeFiles/projeto.dir/C_/Users/diego/.pico-sdk/sdk/1.5.1/src/rp2_common/hardware_timer/timer.c.obj
                0x10004544                busy_wait_until
 .text.hardware_alarm_set_callback
                0x10004564       0x8c CMakeFiles/projeto.dir/C_/Users/diego/.pico-sdk/sdk/1.5.1/src/rp2_common/hardware_timer/timer.c.obj
                0x10004564                hardware_alarm_set_callback
 .text.hardware_alarm_set_target
                0x100045f0       0xd0 CMakeFiles/projeto.dir/C_/Users/diego/.pico-sdk/sdk/1.5.1/src/rp2_common/hardware_timer/timer.c.obj
                0x100045f0                hardware_alarm_set_target
 .text.hardware_alarm_cancel
                0x100046c0       0x3c CMakeFiles/projeto.dir/C_/Users/diego/.pico-sdk/sdk/1.5.1/src/rp2_common/hardware_timer/timer.c.obj
                0x100046c0                hardware_alarm_cancel
 .text.ph_merge_nodes
                0x100046fc       0x58 CMakeFiles/projeto.dir/C_/Users/diego/.pico-sdk/sdk/1.5.1/src/common/pico_util/pheap.c.obj
 .text.ph_post_alloc_init
                0x10004754       0x3c CMakeFiles/projeto.dir/C_/Users/diego/.pico-sdk/sdk/1.5.1/src/common/pico_util/pheap.c.obj
                0x10004754                ph_post_alloc_init
 .text.ph_merge_two_pass
                0x10004790       0x8c CMakeFiles/projeto.dir/C_/Users/diego/.pico-sdk/sdk/1.5.1/src/common/pico_util/pheap.c.obj
                0x10004790                ph_merge_two_pass
 .text.ph_remove_any_head
                0x1000481c      0x100 CMakeFiles/projeto.dir/C_/Users/diego/.pico-sdk/sdk/1.5.1/src/common/pico_util/pheap.c.obj
 .text.ph_remove_head
                0x1000491c      0x104 CMakeFiles/projeto.dir/C_/Users/diego/.pico-sdk/sdk/1.5.1/src/common/pico_util/pheap.c.obj
                0x1000491c                ph_remove_head
 .text.ph_remove_and_free_node
                0x10004a20       0x78 CMakeFiles/projeto.dir/C_/Users/diego/.pico-sdk/sdk/1.5.1/src/common/pico_util/pheap.c.obj
                0x10004a20                ph_remove_and_free_node
 .text.clocks_init
                0x10004a98      0x2c8 CMakeFiles/projeto.dir/C_/Users/diego/.pico-sdk/sdk/1.5.1/src/rp2_common/hardware_clocks/clocks.c.obj
                0x10004a98                clocks_init
 .text.clock_get_hz
                0x10004d60        0xc CMakeFiles/projeto.dir/C_/Users/diego/.pico-sdk/sdk/1.5.1/src/rp2_common/hardware_clocks/clocks.c.obj
                0x10004d60                clock_get_hz
 .text.pll_init
                0x10004d6c       0xa4 CMakeFiles/projeto.dir/C_/Users/diego/.pico-sdk/sdk/1.5.1/src/rp2_common/hardware_pll/pll.c.obj
                0x10004d6c                pll_init
 .text.watchdog_start_tick
                0x10004e10       0x10 CMakeFiles/projeto.dir/C_/Users/diego/.pico-sdk/sdk/1.5.1/src/rp2_common/hardware_watchdog/watchdog.c.obj
                0x10004e10                watchdog_start_tick
 .text.watchdog_reboot
                0x10004e20       0x9c CMakeFiles/projeto.dir/C_/Users/diego/.pico-sdk/sdk/1.5.1/src/rp2_common/hardware_watchdog/watchdog.c.obj
                0x10004e20                watchdog_reboot
 .text.xosc_init
                0x10004ebc       0x28 CMakeFiles/projeto.dir/C_/Users/diego/.pico-sdk/sdk/1.5.1/src/rp2_common/hardware_xosc/xosc.c.obj
                0x10004ebc                xosc_init
 .text.runtime_init
                0x10004ee4       0xf0 CMakeFiles/projeto.dir/C_/Users/diego/.pico-sdk/sdk/1.5.1/src/rp2_common/pico_runtime/runtime.c.obj
                0x10004ee4                runtime_init
 .text._exit    0x10004fd4        0x4 CMakeFiles/projeto.dir/C_/Users/diego/.pico-sdk/sdk/1.5.1/src/rp2_common/pico_runtime/runtime.c.obj
                0x10004fd4                _exit
 .text._sbrk    0x10004fd8       0x34 CMakeFiles/projeto.dir/C_/Users/diego/.pico-sdk/sdk/1.5.1/src/rp2_common/pico_runtime/runtime.c.obj
                0x10004fd8                _sbrk
 .text.exit     0x1000500c        0x8 CMakeFiles/projeto.dir/C_/Users/diego/.pico-sdk/sdk/1.5.1/src/rp2_common/pico_runtime/runtime.c.obj
                0x1000500c                exit
 .text.__assert_func
                0x10005014       0x38 CMakeFiles/projeto.dir/C_/Users/diego/.pico-sdk/sdk/1.5.1/src/rp2_common/pico_runtime/runtime.c.obj
                0x10005014                __assert_func
 .text.panic    0x1000504c       0x30 CMakeFiles/projeto.dir/C_/Users/diego/.pico-sdk/sdk/1.5.1/src/rp2_common/pico_runtime/runtime.c.obj
                0x1000504c                panic
 .text.hard_assertion_failure
                0x1000507c        0xc CMakeFiles/projeto.dir/C_/Users/diego/.pico-sdk/sdk/1.5.1/src/rp2_common/pico_runtime/runtime.c.obj
                0x1000507c                hard_assertion_failure
 .text._out_buffer
                0x10005088        0x8 CMakeFiles/projeto.dir/C_/Users/diego/.pico-sdk/sdk/1.5.1/src/rp2_common/pico_printf/printf.c.obj
 .text._out_null
                0x10005090        0x4 CMakeFiles/projeto.dir/C_/Users/diego/.pico-sdk/sdk/1.5.1/src/rp2_common/pico_printf/printf.c.obj
 .text._out_rev
                0x10005094       0xac CMakeFiles/projeto.dir/C_/Users/diego/.pico-sdk/sdk/1.5.1/src/rp2_common/pico_printf/printf.c.obj
 .text._ntoa_format
                0x10005140      0x250 CMakeFiles/projeto.dir/C_/Users/diego/.pico-sdk/sdk/1.5.1/src/rp2_common/pico_printf/printf.c.obj
 .text._out_char
                0x10005390       0x10 CMakeFiles/projeto.dir/C_/Users/diego/.pico-sdk/sdk/1.5.1/src/rp2_common/pico_printf/printf.c.obj
 .text._out_fct
                0x100053a0       0x10 CMakeFiles/projeto.dir/C_/Users/diego/.pico-sdk/sdk/1.5.1/src/rp2_common/pico_printf/printf.c.obj
 .text._etoa    0x100053b0      0x464 CMakeFiles/projeto.dir/C_/Users/diego/.pico-sdk/sdk/1.5.1/src/rp2_common/pico_printf/printf.c.obj
 .text._ftoa    0x10005814      0x3c0 CMakeFiles/projeto.dir/C_/Users/diego/.pico-sdk/sdk/1.5.1/src/rp2_common/pico_printf/printf.c.obj
 .text._vsnprintf
                0x10005bd4      0xbc8 CMakeFiles/projeto.dir/C_/Users/diego/.pico-sdk/sdk/1.5.1/src/rp2_common/pico_printf/printf.c.obj
 .text.__wrap_sprintf
                0x1000679c       0x2c CMakeFiles/projeto.dir/C_/Users/diego/.pico-sdk/sdk/1.5.1/src/rp2_common/pico_printf/printf.c.obj
                0x1000679c                __wrap_sprintf
 .text.__wrap_snprintf
                0x100067c8       0x28 CMakeFiles/projeto.dir/C_/Users/diego/.pico-sdk/sdk/1.5.1/src/rp2_common/pico_printf/printf.c.obj
                0x100067c8                __wrap_snprintf
 .text.vfctprintf
                0x100067f0       0x20 CMakeFiles/projeto.dir/C_/Users/diego/.pico-sdk/sdk/1.5.1/src/rp2_common/pico_printf/printf.c.obj
                0x100067f0                vfctprintf
 .text.weak_raw_printf
                0x10006810       0x40 CMakeFiles/projeto.dir/C_/Users/diego/.pico-sdk/sdk/1.5.1/src/rp2_common/pico_printf/printf.c.obj
                0x10006810                weak_raw_printf
 .text.weak_raw_vprintf
                0x10006850       0x30 CMakeFiles/projeto.dir/C_/Users/diego/.pico-sdk/sdk/1.5.1/src/rp2_common/pico_printf/printf.c.obj
                0x10006850                weak_raw_vprintf
 .text          0x10006880       0x10 CMakeFiles/projeto.dir/C_/Users/diego/.pico-sdk/sdk/1.5.1/src/rp2_common/pico_bit_ops/bit_ops_aeabi.S.obj
 .text.ctzsi    0x10006890        0xc CMakeFiles/projeto.dir/C_/Users/diego/.pico-sdk/sdk/1.5.1/src/rp2_common/pico_bit_ops/bit_ops_aeabi.S.obj
                0x10006890                __wrap___ctzsi2
 .text.rom_func_lookup
                0x1000689c       0x10 CMakeFiles/projeto.dir/C_/Users/diego/.pico-sdk/sdk/1.5.1/src/rp2_common/pico_bootrom/bootrom.c.obj
                0x1000689c                rom_func_lookup
 .text.rom_data_lookup
                0x100068ac       0x10 CMakeFiles/projeto.dir/C_/Users/diego/.pico-sdk/sdk/1.5.1/src/rp2_common/pico_bootrom/bootrom.c.obj
                0x100068ac                rom_data_lookup
 .text.rom_funcs_lookup
                0x100068bc       0x44 CMakeFiles/projeto.dir/C_/Users/diego/.pico-sdk/sdk/1.5.1/src/rp2_common/pico_bootrom/bootrom.c.obj
                0x100068bc                rom_funcs_lookup
 .text.__wrap___aeabi_idiv
                0x10006900       0x50 CMakeFiles/projeto.dir/C_/Users/diego/.pico-sdk/sdk/1.5.1/src/rp2_common/pico_divider/divider.S.obj
                0x10006900                __wrap___aeabi_idivmod
                0x10006900                divmod_s32s32
                0x10006900                div_s32s32
                0x10006900                __wrap___aeabi_idiv
                0x10006908                divmod_s32s32_unsafe
                0x10006934                divmod_s32s32_savestate
 .text.__wrap___aeabi_uidiv
                0x10006950       0x4c CMakeFiles/projeto.dir/C_/Users/diego/.pico-sdk/sdk/1.5.1/src/rp2_common/pico_divider/divider.S.obj
                0x10006950                __wrap___aeabi_uidiv
                0x10006950                __wrap___aeabi_uidivmod
                0x10006950                div_u32u32
                0x10006950                divmod_u32u32
                0x10006958                divmod_u32u32_unsafe
                0x10006980                divmod_u32u32_savestate
 .text.__wrap___aeabi_ldiv
                0x1000699c      0x424 CMakeFiles/projeto.dir/C_/Users/diego/.pico-sdk/sdk/1.5.1/src/rp2_common/pico_divider/divider.S.obj
                0x1000699c                div_s64s64
                0x1000699c                divmod_s64s64
                0x1000699c                __wrap___aeabi_ldivmod
                0x100069cc                divmod_u64u64
                0x100069cc                div_u64u64
                0x100069cc                __wrap___aeabi_uldivmod
                0x100069dc                divmod_u64u64_savestate
                0x100069fc                divmod_s64s64_unsafe
                0x10006a84                divmod_u64u64_unsafe
 .text.__wrap___aeabi_darithmetic
                0x10006dc0       0x60 CMakeFiles/projeto.dir/C_/Users/diego/.pico-sdk/sdk/1.5.1/src/rp2_common/pico_double/double_aeabi.S.obj
                0x10006dc0                __wrap___aeabi_drsub
                0x10006dc6                __wrap___aeabi_dsub
                0x10006dd0                __wrap___aeabi_dadd
                0x10006dda                __wrap___aeabi_ddiv
                0x10006e0e                __wrap___aeabi_dmul
 .text.__wrap___aeabi_cdcmple
                0x10006e20       0x6c CMakeFiles/projeto.dir/C_/Users/diego/.pico-sdk/sdk/1.5.1/src/rp2_common/pico_double/double_aeabi.S.obj
                0x10006e20                __wrap___aeabi_cdrcmple
                0x10006e30                __wrap___aeabi_cdcmpeq
                0x10006e30                __wrap___aeabi_cdcmple
 .text.__wrap___aeabi_dcmpeq
                0x10006e8c       0x10 CMakeFiles/projeto.dir/C_/Users/diego/.pico-sdk/sdk/1.5.1/src/rp2_common/pico_double/double_aeabi.S.obj
                0x10006e8c                __wrap___aeabi_dcmpeq
 .text.__wrap___aeabi_dcmplt
                0x10006e9c        0xc CMakeFiles/projeto.dir/C_/Users/diego/.pico-sdk/sdk/1.5.1/src/rp2_common/pico_double/double_aeabi.S.obj
                0x10006e9c                __wrap___aeabi_dcmplt
 .text.__wrap___aeabi_dcmple
                0x10006ea8       0x10 CMakeFiles/projeto.dir/C_/Users/diego/.pico-sdk/sdk/1.5.1/src/rp2_common/pico_double/double_aeabi.S.obj
                0x10006ea8                __wrap___aeabi_dcmple
 .text.__wrap___aeabi_dcmpge
                0x10006eb8       0x10 CMakeFiles/projeto.dir/C_/Users/diego/.pico-sdk/sdk/1.5.1/src/rp2_common/pico_double/double_aeabi.S.obj
                0x10006eb8                __wrap___aeabi_dcmpge
 .text.__wrap___aeabi_dcmpgt
                0x10006ec8        0xa CMakeFiles/projeto.dir/C_/Users/diego/.pico-sdk/sdk/1.5.1/src/rp2_common/pico_double/double_aeabi.S.obj
                0x10006ec8                __wrap___aeabi_dcmpgt
 .text.__wrap___aeabi_dcmpun
                0x10006ed2       0x1c CMakeFiles/projeto.dir/C_/Users/diego/.pico-sdk/sdk/1.5.1/src/rp2_common/pico_double/double_aeabi.S.obj
                0x10006ed2                __wrap___aeabi_dcmpun
 *fill*         0x10006eee        0x2 
 .text.__wrap___aeabi_i2d
                0x10006ef0       0x38 CMakeFiles/projeto.dir/C_/Users/diego/.pico-sdk/sdk/1.5.1/src/rp2_common/pico_double/double_aeabi.S.obj
                0x10006ef0                __wrap___aeabi_ui2d
                0x10006ef8                __wrap___aeabi_i2d
 .text.__wrap___aeabi_d2iz
                0x10006f28       0x48 CMakeFiles/projeto.dir/C_/Users/diego/.pico-sdk/sdk/1.5.1/src/rp2_common/pico_double/double_aeabi.S.obj
                0x10006f28                double2int_z
                0x10006f28                __wrap___aeabi_d2iz
 .text.__wrap___aeabi_d2uiz
                0x10006f70       0x10 CMakeFiles/projeto.dir/C_/Users/diego/.pico-sdk/sdk/1.5.1/src/rp2_common/pico_double/double_aeabi.S.obj
                0x10006f70                __wrap___aeabi_d2uiz
                0x10006f70                double2uint
 .text.__wrap___aeabi_l2d
                0x10006f80       0x10 CMakeFiles/projeto.dir/C_/Users/diego/.pico-sdk/sdk/1.5.1/src/rp2_common/pico_double/double_aeabi.S.obj
                0x10006f80                __wrap___aeabi_l2d
 .text.__wrap___aeabi_d2lz
                0x10006f90       0x26 CMakeFiles/projeto.dir/C_/Users/diego/.pico-sdk/sdk/1.5.1/src/rp2_common/pico_double/double_aeabi.S.obj
                0x10006f90                double2int64_z
                0x10006f90                __wrap___aeabi_d2lz
 *fill*         0x10006fb6        0x2 
 .text.double2int64
                0x10006fb8       0x10 CMakeFiles/projeto.dir/C_/Users/diego/.pico-sdk/sdk/1.5.1/src/rp2_common/pico_double/double_aeabi.S.obj
                0x10006fb8                double2int64
 .text.double2ufix64
                0x10006fc8       0x10 CMakeFiles/projeto.dir/C_/Users/diego/.pico-sdk/sdk/1.5.1/src/rp2_common/pico_double/double_aeabi.S.obj
                0x10006fc8                double2ufix64
 .text.__wrap___aeabi_d2f
                0x10006fd8       0x10 CMakeFiles/projeto.dir/C_/Users/diego/.pico-sdk/sdk/1.5.1/src/rp2_common/pico_double/double_aeabi.S.obj
                0x10006fd8                __wrap___aeabi_d2f
 .text.missing_double_func_shim
                0x10006fe8        0xc CMakeFiles/projeto.dir/C_/Users/diego/.pico-sdk/sdk/1.5.1/src/rp2_common/pico_double/double_init_rom.c.obj
 .text.__aeabi_double_init
                0x10006ff4       0x94 CMakeFiles/projeto.dir/C_/Users/diego/.pico-sdk/sdk/1.5.1/src/rp2_common/pico_double/double_init_rom.c.obj
                0x10006ff4                __aeabi_double_init
 .text.double_table_shim_on_use_helper
                0x10007088       0x2c CMakeFiles/projeto.dir/C_/Users/diego/.pico-sdk/sdk/1.5.1/src/rp2_common/pico_double/double_v1_rom_shim.S.obj
                0x10007088                double_table_shim_on_use_helper
 .text.__aeabi_lmul
                0x100070b4       0x32 CMakeFiles/projeto.dir/C_/Users/diego/.pico-sdk/sdk/1.5.1/src/rp2_common/pico_int64_ops/pico_int64_ops_aeabi.S.obj
                0x100070b4                __wrap___aeabi_lmul
 *fill*         0x100070e6        0x2 
 .text.__wrap___aeabi_farithmetic
                0x100070e8       0x48 CMakeFiles/projeto.dir/C_/Users/diego/.pico-sdk/sdk/1.5.1/src/rp2_common/pico_float/float_aeabi.S.obj
                0x100070e8                __wrap___aeabi_frsub
                0x100070ee                __wrap___aeabi_fsub
                0x100070f4                __wrap___aeabi_fadd
                0x100070fa                __wrap___aeabi_fdiv
                0x10007122                __wrap___aeabi_fmul
 .text.__wrap___aeabi_ui2f
                0x10007130        0xa CMakeFiles/projeto.dir/C_/Users/diego/.pico-sdk/sdk/1.5.1/src/rp2_common/pico_float/float_aeabi.S.obj
                0x10007130                __wrap___aeabi_ui2f
 *fill*         0x1000713a        0x2 
 .text.__wrap___aeabi_i2f
                0x1000713c       0x44 CMakeFiles/projeto.dir/C_/Users/diego/.pico-sdk/sdk/1.5.1/src/rp2_common/pico_float/float_aeabi.S.obj
                0x1000713c                __wrap___aeabi_i2f
 .text.__wrap___aeabi_f2uiz
                0x10007180        0xc CMakeFiles/projeto.dir/C_/Users/diego/.pico-sdk/sdk/1.5.1/src/rp2_common/pico_float/float_aeabi.S.obj
                0x10007180                __wrap___aeabi_f2uiz
 .text.missing_float_func_shim
                0x1000718c        0xc CMakeFiles/projeto.dir/C_/Users/diego/.pico-sdk/sdk/1.5.1/src/rp2_common/pico_float/float_init_rom.c.obj
 .text.__aeabi_float_init
                0x10007198       0x5c CMakeFiles/projeto.dir/C_/Users/diego/.pico-sdk/sdk/1.5.1/src/rp2_common/pico_float/float_init_rom.c.obj
                0x10007198                __aeabi_float_init
 .text.__wrap_malloc
                0x100071f4       0x24 CMakeFiles/projeto.dir/C_/Users/diego/.pico-sdk/sdk/1.5.1/src/rp2_common/pico_malloc/pico_malloc.c.obj
                0x100071f4                __wrap_malloc
 .text.__wrap_realloc
                0x10007218       0x24 CMakeFiles/projeto.dir/C_/Users/diego/.pico-sdk/sdk/1.5.1/src/rp2_common/pico_malloc/pico_malloc.c.obj
                0x10007218                __wrap_realloc
 .text.__wrap_free
                0x1000723c        0x8 CMakeFiles/projeto.dir/C_/Users/diego/.pico-sdk/sdk/1.5.1/src/rp2_common/pico_malloc/pico_malloc.c.obj
                0x1000723c                __wrap_free
 .text          0x10007244       0x10 CMakeFiles/projeto.dir/C_/Users/diego/.pico-sdk/sdk/1.5.1/src/rp2_common/pico_mem_ops/mem_ops_aeabi.S.obj
                0x10007244                __aeabi_mem_init
 .text.memset   0x10007254        0xc CMakeFiles/projeto.dir/C_/Users/diego/.pico-sdk/sdk/1.5.1/src/rp2_common/pico_mem_ops/mem_ops_aeabi.S.obj
                0x10007254                __wrap_memset
 .text.memcpy   0x10007260        0xc CMakeFiles/projeto.dir/C_/Users/diego/.pico-sdk/sdk/1.5.1/src/rp2_common/pico_mem_ops/mem_ops_aeabi.S.obj
                0x10007260                __wrap_memcpy
                0x10007260                __wrap___aeabi_memcpy
 .text.stdio_out_chars_crlf
                0x1000726c       0x94 CMakeFiles/projeto.dir/C_/Users/diego/.pico-sdk/sdk/1.5.1/src/rp2_common/pico_stdio/stdio.c.obj
 .text.stdio_buffered_printer
                0x10007300       0x64 CMakeFiles/projeto.dir/C_/Users/diego/.pico-sdk/sdk/1.5.1/src/rp2_common/pico_stdio/stdio.c.obj
 .text.__wrap_putchar
                0x10007364       0x98 CMakeFiles/projeto.dir/C_/Users/diego/.pico-sdk/sdk/1.5.1/src/rp2_common/pico_stdio/stdio.c.obj
                0x10007364                __wrap_putchar
 .text.__wrap_puts
                0x100073fc       0xe0 CMakeFiles/projeto.dir/C_/Users/diego/.pico-sdk/sdk/1.5.1/src/rp2_common/pico_stdio/stdio.c.obj
                0x100073fc                __wrap_puts
 .text.stdio_set_driver_enabled
                0x100074dc       0x30 CMakeFiles/projeto.dir/C_/Users/diego/.pico-sdk/sdk/1.5.1/src/rp2_common/pico_stdio/stdio.c.obj
                0x100074dc                stdio_set_driver_enabled
 .text.__wrap_vprintf
                0x1000750c       0xd4 CMakeFiles/projeto.dir/C_/Users/diego/.pico-sdk/sdk/1.5.1/src/rp2_common/pico_stdio/stdio.c.obj
                0x1000750c                __wrap_vprintf
 .text.__wrap_printf
                0x100075e0       0x18 CMakeFiles/projeto.dir/C_/Users/diego/.pico-sdk/sdk/1.5.1/src/rp2_common/pico_stdio/stdio.c.obj
                0x100075e0                __wrap_printf
 .text.stdio_init_all
                0x100075f8        0x8 CMakeFiles/projeto.dir/C_/Users/diego/.pico-sdk/sdk/1.5.1/src/rp2_common/pico_stdio/stdio.c.obj
                0x100075f8                stdio_init_all
 .text.resetd_init
                0x10007600        0x4 CMakeFiles/projeto.dir/C_/Users/diego/.pico-sdk/sdk/1.5.1/src/rp2_common/pico_stdio_usb/reset_interface.c.obj
 .text.resetd_reset
                0x10007604        0xc CMakeFiles/projeto.dir/C_/Users/diego/.pico-sdk/sdk/1.5.1/src/rp2_common/pico_stdio_usb/reset_interface.c.obj
 .text.resetd_open
                0x10007610       0x28 CMakeFiles/projeto.dir/C_/Users/diego/.pico-sdk/sdk/1.5.1/src/rp2_common/pico_stdio_usb/reset_interface.c.obj
 .text.resetd_xfer_cb
                0x10007638        0x4 CMakeFiles/projeto.dir/C_/Users/diego/.pico-sdk/sdk/1.5.1/src/rp2_common/pico_stdio_usb/reset_interface.c.obj
 .text.resetd_control_xfer_cb
                0x1000763c       0x60 CMakeFiles/projeto.dir/C_/Users/diego/.pico-sdk/sdk/1.5.1/src/rp2_common/pico_stdio_usb/reset_interface.c.obj
 .text.usbd_app_driver_get_cb
                0x1000769c        0xc CMakeFiles/projeto.dir/C_/Users/diego/.pico-sdk/sdk/1.5.1/src/rp2_common/pico_stdio_usb/reset_interface.c.obj
                0x1000769c                usbd_app_driver_get_cb
 .text.tud_cdc_line_coding_cb
                0x100076a8       0x34 CMakeFiles/projeto.dir/C_/Users/diego/.pico-sdk/sdk/1.5.1/src/rp2_common/pico_stdio_usb/reset_interface.c.obj
                0x100076a8                tud_cdc_line_coding_cb
 .text.stdio_usb_set_chars_available_callback
                0x100076dc       0x14 CMakeFiles/projeto.dir/C_/Users/diego/.pico-sdk/sdk/1.5.1/src/rp2_common/pico_stdio_usb/stdio_usb.c.obj
                0x100076dc                stdio_usb_set_chars_available_callback
 .text.usb_irq  0x100076f0       0x10 CMakeFiles/projeto.dir/C_/Users/diego/.pico-sdk/sdk/1.5.1/src/rp2_common/pico_stdio_usb/stdio_usb.c.obj
 .text.timer_task
                0x10007700       0x54 CMakeFiles/projeto.dir/C_/Users/diego/.pico-sdk/sdk/1.5.1/src/rp2_common/pico_stdio_usb/stdio_usb.c.obj
 .text.stdio_usb_in_chars
                0x10007754       0x90 CMakeFiles/projeto.dir/C_/Users/diego/.pico-sdk/sdk/1.5.1/src/rp2_common/pico_stdio_usb/stdio_usb.c.obj
                0x10007754                stdio_usb_in_chars
 .text.stdio_usb_out_chars
                0x100077e4      0x104 CMakeFiles/projeto.dir/C_/Users/diego/.pico-sdk/sdk/1.5.1/src/rp2_common/pico_stdio_usb/stdio_usb.c.obj
 .text.low_priority_worker_irq
                0x100078e8       0xa8 CMakeFiles/projeto.dir/C_/Users/diego/.pico-sdk/sdk/1.5.1/src/rp2_common/pico_stdio_usb/stdio_usb.c.obj
 .text.tud_cdc_rx_cb
                0x10007990       0x20 CMakeFiles/projeto.dir/C_/Users/diego/.pico-sdk/sdk/1.5.1/src/rp2_common/pico_stdio_usb/stdio_usb.c.obj
                0x10007990                tud_cdc_rx_cb
 .text.stdio_usb_init
                0x100079b0       0xe0 CMakeFiles/projeto.dir/C_/Users/diego/.pico-sdk/sdk/1.5.1/src/rp2_common/pico_stdio_usb/stdio_usb.c.obj
                0x100079b0                stdio_usb_init
 .text.tud_descriptor_device_cb
                0x10007a90        0x8 CMakeFiles/projeto.dir/C_/Users/diego/.pico-sdk/sdk/1.5.1/src/rp2_common/pico_stdio_usb/stdio_usb_descriptors.c.obj
                0x10007a90                tud_descriptor_device_cb
 .text.tud_descriptor_configuration_cb
                0x10007a98        0x8 CMakeFiles/projeto.dir/C_/Users/diego/.pico-sdk/sdk/1.5.1/src/rp2_common/pico_stdio_usb/stdio_usb_descriptors.c.obj
                0x10007a98                tud_descriptor_configuration_cb
 .text.tud_descriptor_string_cb
                0x10007aa0       0x78 CMakeFiles/projeto.dir/C_/Users/diego/.pico-sdk/sdk/1.5.1/src/rp2_common/pico_stdio_usb/stdio_usb_descriptors.c.obj
                0x10007aa0                tud_descriptor_string_cb
 .text.startup._retrieve_unique_id_on_boot
                0x10007b18       0x10 CMakeFiles/projeto.dir/C_/Users/diego/.pico-sdk/sdk/1.5.1/src/rp2_common/pico_unique_id/unique_id.c.obj
 .text.pico_get_unique_board_id
                0x10007b28       0x10 CMakeFiles/projeto.dir/C_/Users/diego/.pico-sdk/sdk/1.5.1/src/rp2_common/pico_unique_id/unique_id.c.obj
                0x10007b28                pico_get_unique_board_id
 .text.pico_get_unique_board_id_string
                0x10007b38      0x1a8 CMakeFiles/projeto.dir/C_/Users/diego/.pico-sdk/sdk/1.5.1/src/rp2_common/pico_unique_id/unique_id.c.obj
                0x10007b38                pico_get_unique_board_id_string
 .text.flash_get_unique_id
                0x10007ce0       0x3c CMakeFiles/projeto.dir/C_/Users/diego/.pico-sdk/sdk/1.5.1/src/rp2_common/hardware_flash/flash.c.obj
                0x10007ce0                flash_get_unique_id
 .text.dcd_int_enable
                0x10007d1c        0xc CMakeFiles/projeto.dir/C_/Users/diego/.pico-sdk/sdk/1.5.1/lib/tinyusb/src/portable/raspberrypi/rp2040/dcd_rp2040.c.obj
                0x10007d1c                dcd_int_enable
 .text.dcd_set_address
                0x10007d28       0x14 CMakeFiles/projeto.dir/C_/Users/diego/.pico-sdk/sdk/1.5.1/lib/tinyusb/src/portable/raspberrypi/rp2040/dcd_rp2040.c.obj
                0x10007d28                dcd_set_address
 .text.dcd_connect
                0x10007d3c       0x10 CMakeFiles/projeto.dir/C_/Users/diego/.pico-sdk/sdk/1.5.1/lib/tinyusb/src/portable/raspberrypi/rp2040/dcd_rp2040.c.obj
                0x10007d3c                dcd_connect
 .text.dcd_init
                0x10007d4c       0x98 CMakeFiles/projeto.dir/C_/Users/diego/.pico-sdk/sdk/1.5.1/lib/tinyusb/src/portable/raspberrypi/rp2040/dcd_rp2040.c.obj
                0x10007d4c                dcd_init
 .text.dcd_edpt0_status_complete
                0x10007de4       0x1c CMakeFiles/projeto.dir/C_/Users/diego/.pico-sdk/sdk/1.5.1/lib/tinyusb/src/portable/raspberrypi/rp2040/dcd_rp2040.c.obj
                0x10007de4                dcd_edpt0_status_complete
 .text.dcd_edpt_open
                0x10007e00      0x108 CMakeFiles/projeto.dir/C_/Users/diego/.pico-sdk/sdk/1.5.1/lib/tinyusb/src/portable/raspberrypi/rp2040/dcd_rp2040.c.obj
                0x10007e00                dcd_edpt_open
 .text.dcd_edpt_close_all
                0x10007f08        0x8 CMakeFiles/projeto.dir/C_/Users/diego/.pico-sdk/sdk/1.5.1/lib/tinyusb/src/portable/raspberrypi/rp2040/dcd_rp2040.c.obj
                0x10007f08                dcd_edpt_close_all
 .text.dcd_edpt_xfer
                0x10007f10       0x24 CMakeFiles/projeto.dir/C_/Users/diego/.pico-sdk/sdk/1.5.1/lib/tinyusb/src/portable/raspberrypi/rp2040/dcd_rp2040.c.obj
                0x10007f10                dcd_edpt_xfer
 .text.dcd_edpt_stall
                0x10007f34       0x34 CMakeFiles/projeto.dir/C_/Users/diego/.pico-sdk/sdk/1.5.1/lib/tinyusb/src/portable/raspberrypi/rp2040/dcd_rp2040.c.obj
                0x10007f34                dcd_edpt_stall
 .text.dcd_edpt_clear_stall
                0x10007f68       0x30 CMakeFiles/projeto.dir/C_/Users/diego/.pico-sdk/sdk/1.5.1/lib/tinyusb/src/portable/raspberrypi/rp2040/dcd_rp2040.c.obj
                0x10007f68                dcd_edpt_clear_stall
 .text.rp2040_usb_init
                0x10007f98       0x4c CMakeFiles/projeto.dir/C_/Users/diego/.pico-sdk/sdk/1.5.1/lib/tinyusb/src/portable/raspberrypi/rp2040/rp2040_usb.c.obj
                0x10007f98                rp2040_usb_init
 .text.hw_endpoint_xfer_start
                0x10007fe4       0x40 CMakeFiles/projeto.dir/C_/Users/diego/.pico-sdk/sdk/1.5.1/lib/tinyusb/src/portable/raspberrypi/rp2040/rp2040_usb.c.obj
                0x10007fe4                hw_endpoint_xfer_start
 .text.tud_mounted
                0x10008024       0x10 CMakeFiles/projeto.dir/C_/Users/diego/.pico-sdk/sdk/1.5.1/lib/tinyusb/src/device/usbd.c.obj
                0x10008024                tud_mounted
 .text.tud_suspended
                0x10008034       0x10 CMakeFiles/projeto.dir/C_/Users/diego/.pico-sdk/sdk/1.5.1/lib/tinyusb/src/device/usbd.c.obj
                0x10008034                tud_suspended
 .text.tud_inited
                0x10008044       0x14 CMakeFiles/projeto.dir/C_/Users/diego/.pico-sdk/sdk/1.5.1/lib/tinyusb/src/device/usbd.c.obj
                0x10008044                tud_inited
 .text.tud_init
                0x10008058       0xdc CMakeFiles/projeto.dir/C_/Users/diego/.pico-sdk/sdk/1.5.1/lib/tinyusb/src/device/usbd.c.obj
                0x10008058                tud_init
 .text.tud_task_ext
                0x10008134      0x850 CMakeFiles/projeto.dir/C_/Users/diego/.pico-sdk/sdk/1.5.1/lib/tinyusb/src/device/usbd.c.obj
                0x10008134                tud_task_ext
 .text.usbd_open_edpt_pair
                0x10008984       0x9c CMakeFiles/projeto.dir/C_/Users/diego/.pico-sdk/sdk/1.5.1/lib/tinyusb/src/device/usbd.c.obj
                0x10008984                usbd_open_edpt_pair
 .text.usbd_defer_func
                0x10008a20       0x48 CMakeFiles/projeto.dir/C_/Users/diego/.pico-sdk/sdk/1.5.1/lib/tinyusb/src/device/usbd.c.obj
                0x10008a20                usbd_defer_func
 .text.usbd_edpt_open
                0x10008a68       0x34 CMakeFiles/projeto.dir/C_/Users/diego/.pico-sdk/sdk/1.5.1/lib/tinyusb/src/device/usbd.c.obj
                0x10008a68                usbd_edpt_open
 .text.usbd_edpt_claim
                0x10008a9c       0x28 CMakeFiles/projeto.dir/C_/Users/diego/.pico-sdk/sdk/1.5.1/lib/tinyusb/src/device/usbd.c.obj
                0x10008a9c                usbd_edpt_claim
 .text.usbd_edpt_release
                0x10008ac4       0x28 CMakeFiles/projeto.dir/C_/Users/diego/.pico-sdk/sdk/1.5.1/lib/tinyusb/src/device/usbd.c.obj
                0x10008ac4                usbd_edpt_release
 .text.usbd_edpt_xfer
                0x10008aec       0x4c CMakeFiles/projeto.dir/C_/Users/diego/.pico-sdk/sdk/1.5.1/lib/tinyusb/src/device/usbd.c.obj
                0x10008aec                usbd_edpt_xfer
 .text.tud_control_status
                0x10008b38       0x2c CMakeFiles/projeto.dir/C_/Users/diego/.pico-sdk/sdk/1.5.1/lib/tinyusb/src/device/usbd_control.c.obj
                0x10008b38                tud_control_status
 .text.tud_control_xfer
                0x10008b64       0xac CMakeFiles/projeto.dir/C_/Users/diego/.pico-sdk/sdk/1.5.1/lib/tinyusb/src/device/usbd_control.c.obj
                0x10008b64                tud_control_xfer
 .text.usbd_control_reset
                0x10008c10       0x14 CMakeFiles/projeto.dir/C_/Users/diego/.pico-sdk/sdk/1.5.1/lib/tinyusb/src/device/usbd_control.c.obj
                0x10008c10                usbd_control_reset
 .text.usbd_control_set_complete_callback
                0x10008c24        0xc CMakeFiles/projeto.dir/C_/Users/diego/.pico-sdk/sdk/1.5.1/lib/tinyusb/src/device/usbd_control.c.obj
                0x10008c24                usbd_control_set_complete_callback
 .text.usbd_control_set_request
                0x10008c30       0x1c CMakeFiles/projeto.dir/C_/Users/diego/.pico-sdk/sdk/1.5.1/lib/tinyusb/src/device/usbd_control.c.obj
                0x10008c30                usbd_control_set_request
 .text.usbd_control_xfer_cb
                0x10008c4c       0xf4 CMakeFiles/projeto.dir/C_/Users/diego/.pico-sdk/sdk/1.5.1/lib/tinyusb/src/device/usbd_control.c.obj
                0x10008c4c                usbd_control_xfer_cb
 .text.tud_cdc_n_connected
                0x10008d40       0x30 CMakeFiles/projeto.dir/C_/Users/diego/.pico-sdk/sdk/1.5.1/lib/tinyusb/src/class/cdc/cdc_device.c.obj
                0x10008d40                tud_cdc_n_connected
 .text.tud_cdc_n_available
                0x10008d70       0x18 CMakeFiles/projeto.dir/C_/Users/diego/.pico-sdk/sdk/1.5.1/lib/tinyusb/src/class/cdc/cdc_device.c.obj
                0x10008d70                tud_cdc_n_available
 .text.tud_cdc_n_read
                0x10008d88       0x70 CMakeFiles/projeto.dir/C_/Users/diego/.pico-sdk/sdk/1.5.1/lib/tinyusb/src/class/cdc/cdc_device.c.obj
                0x10008d88                tud_cdc_n_read
 .text.tud_cdc_n_write_flush
                0x10008df8       0x78 CMakeFiles/projeto.dir/C_/Users/diego/.pico-sdk/sdk/1.5.1/lib/tinyusb/src/class/cdc/cdc_device.c.obj
                0x10008df8                tud_cdc_n_write_flush
 .text.tud_cdc_n_write
                0x10008e70       0x34 CMakeFiles/projeto.dir/C_/Users/diego/.pico-sdk/sdk/1.5.1/lib/tinyusb/src/class/cdc/cdc_device.c.obj
                0x10008e70                tud_cdc_n_write
 .text.tud_cdc_n_write_available
                0x10008ea4       0x18 CMakeFiles/projeto.dir/C_/Users/diego/.pico-sdk/sdk/1.5.1/lib/tinyusb/src/class/cdc/cdc_device.c.obj
                0x10008ea4                tud_cdc_n_write_available
 .text.cdcd_init
                0x10008ebc       0x7c CMakeFiles/projeto.dir/C_/Users/diego/.pico-sdk/sdk/1.5.1/lib/tinyusb/src/class/cdc/cdc_device.c.obj
                0x10008ebc                cdcd_init
 .text.cdcd_reset
                0x10008f38       0x2c CMakeFiles/projeto.dir/C_/Users/diego/.pico-sdk/sdk/1.5.1/lib/tinyusb/src/class/cdc/cdc_device.c.obj
                0x10008f38                cdcd_reset
 .text.cdcd_open
                0x10008f64       0xe4 CMakeFiles/projeto.dir/C_/Users/diego/.pico-sdk/sdk/1.5.1/lib/tinyusb/src/class/cdc/cdc_device.c.obj
                0x10008f64                cdcd_open
 .text.cdcd_control_xfer_cb
                0x10009048       0xe4 CMakeFiles/projeto.dir/C_/Users/diego/.pico-sdk/sdk/1.5.1/lib/tinyusb/src/class/cdc/cdc_device.c.obj
                0x10009048                cdcd_control_xfer_cb
 .text.cdcd_xfer_cb
                0x1000912c      0x13c CMakeFiles/projeto.dir/C_/Users/diego/.pico-sdk/sdk/1.5.1/lib/tinyusb/src/class/cdc/cdc_device.c.obj
                0x1000912c                cdcd_xfer_cb
 .text.tusb_init
                0x10009268        0xc CMakeFiles/projeto.dir/C_/Users/diego/.pico-sdk/sdk/1.5.1/lib/tinyusb/src/tusb.c.obj
                0x10009268                tusb_init
 .text.tusb_inited
                0x10009274        0x8 CMakeFiles/projeto.dir/C_/Users/diego/.pico-sdk/sdk/1.5.1/lib/tinyusb/src/tusb.c.obj
                0x10009274                tusb_inited
 .text.tu_edpt_claim
                0x1000927c       0x50 CMakeFiles/projeto.dir/C_/Users/diego/.pico-sdk/sdk/1.5.1/lib/tinyusb/src/tusb.c.obj
                0x1000927c                tu_edpt_claim
 .text.tu_edpt_release
                0x100092cc       0x38 CMakeFiles/projeto.dir/C_/Users/diego/.pico-sdk/sdk/1.5.1/lib/tinyusb/src/tusb.c.obj
                0x100092cc                tu_edpt_release
 .text.tu_edpt_validate
                0x10009304       0x7c CMakeFiles/projeto.dir/C_/Users/diego/.pico-sdk/sdk/1.5.1/lib/tinyusb/src/tusb.c.obj
                0x10009304                tu_edpt_validate
 .text.tu_edpt_bind_driver
                0x10009380       0x34 CMakeFiles/projeto.dir/C_/Users/diego/.pico-sdk/sdk/1.5.1/lib/tinyusb/src/tusb.c.obj
                0x10009380                tu_edpt_bind_driver
 .text.tu_fifo_config
                0x100093b4       0x6c CMakeFiles/projeto.dir/C_/Users/diego/.pico-sdk/sdk/1.5.1/lib/tinyusb/src/common/tusb_fifo.c.obj
                0x100093b4                tu_fifo_config
 .text.tu_fifo_count
                0x10009420       0x2c CMakeFiles/projeto.dir/C_/Users/diego/.pico-sdk/sdk/1.5.1/lib/tinyusb/src/common/tusb_fifo.c.obj
                0x10009420                tu_fifo_count
 .text.tu_fifo_empty
                0x1000944c       0x10 CMakeFiles/projeto.dir/C_/Users/diego/.pico-sdk/sdk/1.5.1/lib/tinyusb/src/common/tusb_fifo.c.obj
                0x1000944c                tu_fifo_empty
 .text.tu_fifo_remaining
                0x1000945c       0x2c CMakeFiles/projeto.dir/C_/Users/diego/.pico-sdk/sdk/1.5.1/lib/tinyusb/src/common/tusb_fifo.c.obj
                0x1000945c                tu_fifo_remaining
 .text.tu_fifo_read
                0x10009488       0x9c CMakeFiles/projeto.dir/C_/Users/diego/.pico-sdk/sdk/1.5.1/lib/tinyusb/src/common/tusb_fifo.c.obj
                0x10009488                tu_fifo_read
 .text.tu_fifo_read_n
                0x10009524       0xe8 CMakeFiles/projeto.dir/C_/Users/diego/.pico-sdk/sdk/1.5.1/lib/tinyusb/src/common/tusb_fifo.c.obj
                0x10009524                tu_fifo_read_n
 .text.tu_fifo_write
                0x1000960c       0xa8 CMakeFiles/projeto.dir/C_/Users/diego/.pico-sdk/sdk/1.5.1/lib/tinyusb/src/common/tusb_fifo.c.obj
                0x1000960c                tu_fifo_write
 .text.tu_fifo_write_n
                0x100096b4      0x178 CMakeFiles/projeto.dir/C_/Users/diego/.pico-sdk/sdk/1.5.1/lib/tinyusb/src/common/tusb_fifo.c.obj
                0x100096b4                tu_fifo_write_n
 .text.tu_fifo_clear
                0x1000982c       0x40 CMakeFiles/projeto.dir/C_/Users/diego/.pico-sdk/sdk/1.5.1/lib/tinyusb/src/common/tusb_fifo.c.obj
                0x1000982c                tu_fifo_clear
 .text.tu_fifo_set_overwritable
                0x1000986c       0x48 CMakeFiles/projeto.dir/C_/Users/diego/.pico-sdk/sdk/1.5.1/lib/tinyusb/src/common/tusb_fifo.c.obj
                0x1000986c                tu_fifo_set_overwritable
 .text.lwip_timeout_reached
                0x100098b4        0x8 CMakeFiles/projeto.dir/C_/Users/diego/.pico-sdk/sdk/1.5.1/src/rp2_common/pico_lwip/lwip_nosys.c.obj
 .text.update_next_timeout
                0x100098bc       0x60 CMakeFiles/projeto.dir/C_/Users/diego/.pico-sdk/sdk/1.5.1/src/rp2_common/pico_lwip/lwip_nosys.c.obj
 .text.lwip_nosys_init
                0x1000991c       0x30 CMakeFiles/projeto.dir/C_/Users/diego/.pico-sdk/sdk/1.5.1/src/rp2_common/pico_lwip/lwip_nosys.c.obj
                0x1000991c                lwip_nosys_init
 .text.lwip_nosys_deinit
                0x1000994c       0x20 CMakeFiles/projeto.dir/C_/Users/diego/.pico-sdk/sdk/1.5.1/src/rp2_common/pico_lwip/lwip_nosys.c.obj
                0x1000994c                lwip_nosys_deinit
 .text.sys_arch_protect
                0x1000996c        0x4 CMakeFiles/projeto.dir/C_/Users/diego/.pico-sdk/sdk/1.5.1/src/rp2_common/pico_lwip/lwip_nosys.c.obj
                0x1000996c                sys_arch_protect
 .text.sys_arch_unprotect
                0x10009970        0x4 CMakeFiles/projeto.dir/C_/Users/diego/.pico-sdk/sdk/1.5.1/src/rp2_common/pico_lwip/lwip_nosys.c.obj
                0x10009970                sys_arch_unprotect
 .text.sys_now  0x10009974       0x20 CMakeFiles/projeto.dir/C_/Users/diego/.pico-sdk/sdk/1.5.1/src/rp2_common/pico_lwip/lwip_nosys.c.obj
                0x10009974                sys_now
 .text.async_context_base_add_at_time_worker
                0x10009994       0x24 CMakeFiles/projeto.dir/C_/Users/diego/.pico-sdk/sdk/1.5.1/src/rp2_common/pico_async_context/async_context_base.c.obj
                0x10009994                async_context_base_add_at_time_worker
 .text.async_context_base_remove_at_time_worker
                0x100099b8       0x28 CMakeFiles/projeto.dir/C_/Users/diego/.pico-sdk/sdk/1.5.1/src/rp2_common/pico_async_context/async_context_base.c.obj
                0x100099b8                async_context_base_remove_at_time_worker
 .text.async_context_base_add_when_pending_worker
                0x100099e0       0x24 CMakeFiles/projeto.dir/C_/Users/diego/.pico-sdk/sdk/1.5.1/src/rp2_common/pico_async_context/async_context_base.c.obj
                0x100099e0                async_context_base_add_when_pending_worker
 .text.async_context_base_remove_when_pending_worker
                0x10009a04       0x28 CMakeFiles/projeto.dir/C_/Users/diego/.pico-sdk/sdk/1.5.1/src/rp2_common/pico_async_context/async_context_base.c.obj
                0x10009a04                async_context_base_remove_when_pending_worker
 .text.async_context_base_execute_once
                0x10009a2c      0x108 CMakeFiles/projeto.dir/C_/Users/diego/.pico-sdk/sdk/1.5.1/src/rp2_common/pico_async_context/async_context_base.c.obj
                0x10009a2c                async_context_base_execute_once
 .text.splitmix64
                0x10009b34       0x58 CMakeFiles/projeto.dir/C_/Users/diego/.pico-sdk/sdk/1.5.1/src/rp2_common/pico_rand/rand.c.obj
 .text.xoroshiro128ss
                0x10009b8c       0x90 CMakeFiles/projeto.dir/C_/Users/diego/.pico-sdk/sdk/1.5.1/src/rp2_common/pico_rand/rand.c.obj
 .text.get_rand_64
                0x10009c1c      0x4a4 CMakeFiles/projeto.dir/C_/Users/diego/.pico-sdk/sdk/1.5.1/src/rp2_common/pico_rand/rand.c.obj
                0x10009c1c                get_rand_64
 .text.get_rand_32
                0x1000a0c0        0x8 CMakeFiles/projeto.dir/C_/Users/diego/.pico-sdk/sdk/1.5.1/src/rp2_common/pico_rand/rand.c.obj
                0x1000a0c0                get_rand_32
 .text.lwip_init
                0x1000a0c8       0x24 CMakeFiles/projeto.dir/C_/Users/diego/.pico-sdk/sdk/1.5.1/lib/lwip/src/core/init.c.obj
                0x1000a0c8                lwip_init
 .text.lwip_htons
                0x1000a0ec        0x8 CMakeFiles/projeto.dir/C_/Users/diego/.pico-sdk/sdk/1.5.1/lib/lwip/src/core/def.c.obj
                0x1000a0ec                lwip_htons
 .text.lwip_htonl
                0x1000a0f4        0x4 CMakeFiles/projeto.dir/C_/Users/diego/.pico-sdk/sdk/1.5.1/lib/lwip/src/core/def.c.obj
                0x1000a0f4                lwip_htonl
 .text.lwip_strnicmp
                0x1000a0f8       0x40 CMakeFiles/projeto.dir/C_/Users/diego/.pico-sdk/sdk/1.5.1/lib/lwip/src/core/def.c.obj
                0x1000a0f8                lwip_strnicmp
 .text.dns_call_found
                0x1000a138      0x184 CMakeFiles/projeto.dir/C_/Users/diego/.pico-sdk/sdk/1.5.1/lib/lwip/src/core/dns.c.obj
 .text.dns_send.isra.0
                0x1000a2bc      0x174 CMakeFiles/projeto.dir/C_/Users/diego/.pico-sdk/sdk/1.5.1/lib/lwip/src/core/dns.c.obj
 .text.dns_check_entry
                0x1000a430      0x130 CMakeFiles/projeto.dir/C_/Users/diego/.pico-sdk/sdk/1.5.1/lib/lwip/src/core/dns.c.obj
 .text.dns_recv
                0x1000a560      0x380 CMakeFiles/projeto.dir/C_/Users/diego/.pico-sdk/sdk/1.5.1/lib/lwip/src/core/dns.c.obj
 .text.dns_init
                0x1000a8e0        0x4 CMakeFiles/projeto.dir/C_/Users/diego/.pico-sdk/sdk/1.5.1/lib/lwip/src/core/dns.c.obj
                0x1000a8e0                dns_init
 .text.dns_setserver
                0x1000a8e4       0x24 CMakeFiles/projeto.dir/C_/Users/diego/.pico-sdk/sdk/1.5.1/lib/lwip/src/core/dns.c.obj
                0x1000a8e4                dns_setserver
 .text.dns_tmr  0x1000a908      0x140 CMakeFiles/projeto.dir/C_/Users/diego/.pico-sdk/sdk/1.5.1/lib/lwip/src/core/dns.c.obj
                0x1000a908                dns_tmr
 .text.dns_gethostbyname_addrtype
                0x1000aa48      0x5e0 CMakeFiles/projeto.dir/C_/Users/diego/.pico-sdk/sdk/1.5.1/lib/lwip/src/core/dns.c.obj
                0x1000aa48                dns_gethostbyname_addrtype
 .text.dns_gethostbyname
                0x1000b028       0x10 CMakeFiles/projeto.dir/C_/Users/diego/.pico-sdk/sdk/1.5.1/lib/lwip/src/core/dns.c.obj
                0x1000b028                dns_gethostbyname
 .text.lwip_standard_chksum
                0x1000b038       0xdc CMakeFiles/projeto.dir/C_/Users/diego/.pico-sdk/sdk/1.5.1/lib/lwip/src/core/inet_chksum.c.obj
                0x1000b038                lwip_standard_chksum
 .text.inet_chksum_pseudo
                0x1000b114       0xbc CMakeFiles/projeto.dir/C_/Users/diego/.pico-sdk/sdk/1.5.1/lib/lwip/src/core/inet_chksum.c.obj
                0x1000b114                inet_chksum_pseudo
 .text.ip_chksum_pseudo
                0x1000b1d0       0x10 CMakeFiles/projeto.dir/C_/Users/diego/.pico-sdk/sdk/1.5.1/lib/lwip/src/core/inet_chksum.c.obj
                0x1000b1d0                ip_chksum_pseudo
 .text.inet_chksum
                0x1000b1e0        0xc CMakeFiles/projeto.dir/C_/Users/diego/.pico-sdk/sdk/1.5.1/lib/lwip/src/core/inet_chksum.c.obj
                0x1000b1e0                inet_chksum
 .text.inet_chksum_pbuf
                0x1000b1ec       0x78 CMakeFiles/projeto.dir/C_/Users/diego/.pico-sdk/sdk/1.5.1/lib/lwip/src/core/inet_chksum.c.obj
                0x1000b1ec                inet_chksum_pbuf
 .text.mem_init
                0x1000b264       0x3c CMakeFiles/projeto.dir/C_/Users/diego/.pico-sdk/sdk/1.5.1/lib/lwip/src/core/mem.c.obj
                0x1000b264                mem_init
 .text.mem_free
                0x1000b2a0      0x130 CMakeFiles/projeto.dir/C_/Users/diego/.pico-sdk/sdk/1.5.1/lib/lwip/src/core/mem.c.obj
                0x1000b2a0                mem_free
 .text.mem_trim
                0x1000b3d0      0x104 CMakeFiles/projeto.dir/C_/Users/diego/.pico-sdk/sdk/1.5.1/lib/lwip/src/core/mem.c.obj
                0x1000b3d0                mem_trim
 .text.mem_malloc
                0x1000b4d4      0x124 CMakeFiles/projeto.dir/C_/Users/diego/.pico-sdk/sdk/1.5.1/lib/lwip/src/core/mem.c.obj
                0x1000b4d4                mem_malloc
 .text.memp_init
                0x1000b5f8       0x6c CMakeFiles/projeto.dir/C_/Users/diego/.pico-sdk/sdk/1.5.1/lib/lwip/src/core/memp.c.obj
                0x1000b5f8                memp_init
 .text.memp_malloc
                0x1000b664       0x40 CMakeFiles/projeto.dir/C_/Users/diego/.pico-sdk/sdk/1.5.1/lib/lwip/src/core/memp.c.obj
                0x1000b664                memp_malloc
 .text.memp_free
                0x1000b6a4       0x38 CMakeFiles/projeto.dir/C_/Users/diego/.pico-sdk/sdk/1.5.1/lib/lwip/src/core/memp.c.obj
                0x1000b6a4                memp_free
 .text.netif_null_output_ip4
                0x1000b6dc        0x8 CMakeFiles/projeto.dir/C_/Users/diego/.pico-sdk/sdk/1.5.1/lib/lwip/src/core/netif.c.obj
 .text.netif_do_set_ipaddr.isra.0
                0x1000b6e4       0x60 CMakeFiles/projeto.dir/C_/Users/diego/.pico-sdk/sdk/1.5.1/lib/lwip/src/core/netif.c.obj
 .text.netif_init
                0x1000b744        0x4 CMakeFiles/projeto.dir/C_/Users/diego/.pico-sdk/sdk/1.5.1/lib/lwip/src/core/netif.c.obj
                0x1000b744                netif_init
 .text.netif_add
                0x1000b748      0x16c CMakeFiles/projeto.dir/C_/Users/diego/.pico-sdk/sdk/1.5.1/lib/lwip/src/core/netif.c.obj
                0x1000b748                netif_add
 .text.netif_set_addr
                0x1000b8b4       0xb4 CMakeFiles/projeto.dir/C_/Users/diego/.pico-sdk/sdk/1.5.1/lib/lwip/src/core/netif.c.obj
                0x1000b8b4                netif_set_addr
 .text.netif_remove
                0x1000b968       0x94 CMakeFiles/projeto.dir/C_/Users/diego/.pico-sdk/sdk/1.5.1/lib/lwip/src/core/netif.c.obj
                0x1000b968                netif_remove
 .text.netif_set_default
                0x1000b9fc        0xc CMakeFiles/projeto.dir/C_/Users/diego/.pico-sdk/sdk/1.5.1/lib/lwip/src/core/netif.c.obj
                0x1000b9fc                netif_set_default
 .text.netif_set_up
                0x1000ba08       0x40 CMakeFiles/projeto.dir/C_/Users/diego/.pico-sdk/sdk/1.5.1/lib/lwip/src/core/netif.c.obj
                0x1000ba08                netif_set_up
 .text.netif_set_link_up
                0x1000ba48       0x44 CMakeFiles/projeto.dir/C_/Users/diego/.pico-sdk/sdk/1.5.1/lib/lwip/src/core/netif.c.obj
                0x1000ba48                netif_set_link_up
 .text.netif_set_link_down
                0x1000ba8c       0x20 CMakeFiles/projeto.dir/C_/Users/diego/.pico-sdk/sdk/1.5.1/lib/lwip/src/core/netif.c.obj
                0x1000ba8c                netif_set_link_down
 .text.netif_get_by_index
                0x1000baac       0x2c CMakeFiles/projeto.dir/C_/Users/diego/.pico-sdk/sdk/1.5.1/lib/lwip/src/core/netif.c.obj
                0x1000baac                netif_get_by_index
 .text.pbuf_free.part.0
                0x1000bad8       0x7c CMakeFiles/projeto.dir/C_/Users/diego/.pico-sdk/sdk/1.5.1/lib/lwip/src/core/pbuf.c.obj
 .text.pbuf_free_ooseq
                0x1000bb54       0x34 CMakeFiles/projeto.dir/C_/Users/diego/.pico-sdk/sdk/1.5.1/lib/lwip/src/core/pbuf.c.obj
                0x1000bb54                pbuf_free_ooseq
 .text.pbuf_alloc
                0x1000bb88      0x134 CMakeFiles/projeto.dir/C_/Users/diego/.pico-sdk/sdk/1.5.1/lib/lwip/src/core/pbuf.c.obj
                0x1000bb88                pbuf_alloc
 .text.pbuf_realloc
                0x1000bcbc       0x84 CMakeFiles/projeto.dir/C_/Users/diego/.pico-sdk/sdk/1.5.1/lib/lwip/src/core/pbuf.c.obj
                0x1000bcbc                pbuf_realloc
 .text.pbuf_add_header
                0x1000bd40       0x50 CMakeFiles/projeto.dir/C_/Users/diego/.pico-sdk/sdk/1.5.1/lib/lwip/src/core/pbuf.c.obj
                0x1000bd40                pbuf_add_header
 .text.pbuf_remove_header
                0x1000bd90       0x3c CMakeFiles/projeto.dir/C_/Users/diego/.pico-sdk/sdk/1.5.1/lib/lwip/src/core/pbuf.c.obj
                0x1000bd90                pbuf_remove_header
 .text.pbuf_header_force
                0x1000bdcc       0x68 CMakeFiles/projeto.dir/C_/Users/diego/.pico-sdk/sdk/1.5.1/lib/lwip/src/core/pbuf.c.obj
                0x1000bdcc                pbuf_header_force
 .text.pbuf_free
                0x1000be34       0x18 CMakeFiles/projeto.dir/C_/Users/diego/.pico-sdk/sdk/1.5.1/lib/lwip/src/core/pbuf.c.obj
                0x1000be34                pbuf_free
 .text.pbuf_clen
                0x1000be4c       0x14 CMakeFiles/projeto.dir/C_/Users/diego/.pico-sdk/sdk/1.5.1/lib/lwip/src/core/pbuf.c.obj
                0x1000be4c                pbuf_clen
 .text.pbuf_ref
                0x1000be60       0x28 CMakeFiles/projeto.dir/C_/Users/diego/.pico-sdk/sdk/1.5.1/lib/lwip/src/core/pbuf.c.obj
                0x1000be60                pbuf_ref
 .text.pbuf_cat
                0x1000be88       0x44 CMakeFiles/projeto.dir/C_/Users/diego/.pico-sdk/sdk/1.5.1/lib/lwip/src/core/pbuf.c.obj
                0x1000be88                pbuf_cat
 .text.pbuf_chain
                0x1000becc       0x64 CMakeFiles/projeto.dir/C_/Users/diego/.pico-sdk/sdk/1.5.1/lib/lwip/src/core/pbuf.c.obj
                0x1000becc                pbuf_chain
 .text.pbuf_copy_partial_pbuf
                0x1000bf30      0x148 CMakeFiles/projeto.dir/C_/Users/diego/.pico-sdk/sdk/1.5.1/lib/lwip/src/core/pbuf.c.obj
                0x1000bf30                pbuf_copy_partial_pbuf
 .text.pbuf_copy
                0x1000c078       0x18 CMakeFiles/projeto.dir/C_/Users/diego/.pico-sdk/sdk/1.5.1/lib/lwip/src/core/pbuf.c.obj
                0x1000c078                pbuf_copy
 .text.pbuf_copy_partial
                0x1000c090       0x68 CMakeFiles/projeto.dir/C_/Users/diego/.pico-sdk/sdk/1.5.1/lib/lwip/src/core/pbuf.c.obj
                0x1000c090                pbuf_copy_partial
 .text.pbuf_take
                0x1000c0f8       0x78 CMakeFiles/projeto.dir/C_/Users/diego/.pico-sdk/sdk/1.5.1/lib/lwip/src/core/pbuf.c.obj
                0x1000c0f8                pbuf_take
 .text.pbuf_take_at
                0x1000c170       0xcc CMakeFiles/projeto.dir/C_/Users/diego/.pico-sdk/sdk/1.5.1/lib/lwip/src/core/pbuf.c.obj
                0x1000c170                pbuf_take_at
 .text.pbuf_clone
                0x1000c23c       0x30 CMakeFiles/projeto.dir/C_/Users/diego/.pico-sdk/sdk/1.5.1/lib/lwip/src/core/pbuf.c.obj
                0x1000c23c                pbuf_clone
 .text.pbuf_try_get_at
                0x1000c26c       0x28 CMakeFiles/projeto.dir/C_/Users/diego/.pico-sdk/sdk/1.5.1/lib/lwip/src/core/pbuf.c.obj
                0x1000c26c                pbuf_try_get_at
 .text.pbuf_put_at
                0x1000c294       0x1c CMakeFiles/projeto.dir/C_/Users/diego/.pico-sdk/sdk/1.5.1/lib/lwip/src/core/pbuf.c.obj
                0x1000c294                pbuf_put_at
 .text.raw_input
                0x1000c2b0      0x164 CMakeFiles/projeto.dir/C_/Users/diego/.pico-sdk/sdk/1.5.1/lib/lwip/src/core/raw.c.obj
                0x1000c2b0                raw_input
 .text.raw_netif_ip_addr_changed
                0x1000c414       0x40 CMakeFiles/projeto.dir/C_/Users/diego/.pico-sdk/sdk/1.5.1/lib/lwip/src/core/raw.c.obj
                0x1000c414                raw_netif_ip_addr_changed
 .text.stats_init
                0x1000c454        0x4 CMakeFiles/projeto.dir/C_/Users/diego/.pico-sdk/sdk/1.5.1/lib/lwip/src/core/stats.c.obj
                0x1000c454                stats_init
 .text.tcp_close_shutdown_fin
                0x1000c458       0x54 CMakeFiles/projeto.dir/C_/Users/diego/.pico-sdk/sdk/1.5.1/lib/lwip/src/core/tcp.c.obj
 .text.tcp_pcb_purge.part.0
                0x1000c4ac       0xc4 CMakeFiles/projeto.dir/C_/Users/diego/.pico-sdk/sdk/1.5.1/lib/lwip/src/core/tcp.c.obj
 .text.tcp_init
                0x1000c570       0x20 CMakeFiles/projeto.dir/C_/Users/diego/.pico-sdk/sdk/1.5.1/lib/lwip/src/core/tcp.c.obj
                0x1000c570                tcp_init
 .text.tcp_free
                0x1000c590       0x1c CMakeFiles/projeto.dir/C_/Users/diego/.pico-sdk/sdk/1.5.1/lib/lwip/src/core/tcp.c.obj
                0x1000c590                tcp_free
 .text.tcp_bind
                0x1000c5ac       0xf4 CMakeFiles/projeto.dir/C_/Users/diego/.pico-sdk/sdk/1.5.1/lib/lwip/src/core/tcp.c.obj
                0x1000c5ac                tcp_bind
 .text.tcp_listen_with_backlog
                0x1000c6a0       0x98 CMakeFiles/projeto.dir/C_/Users/diego/.pico-sdk/sdk/1.5.1/lib/lwip/src/core/tcp.c.obj
                0x1000c6a0                tcp_listen_with_backlog
 .text.tcp_update_rcv_ann_wnd
                0x1000c738       0x58 CMakeFiles/projeto.dir/C_/Users/diego/.pico-sdk/sdk/1.5.1/lib/lwip/src/core/tcp.c.obj
                0x1000c738                tcp_update_rcv_ann_wnd
 .text.tcp_recved
                0x1000c790       0x98 CMakeFiles/projeto.dir/C_/Users/diego/.pico-sdk/sdk/1.5.1/lib/lwip/src/core/tcp.c.obj
                0x1000c790                tcp_recved
 .text.tcp_slowtmr
                0x1000c828      0x524 CMakeFiles/projeto.dir/C_/Users/diego/.pico-sdk/sdk/1.5.1/lib/lwip/src/core/tcp.c.obj
                0x1000c828                tcp_slowtmr
 .text.tcp_segs_free
                0x1000cd4c       0x38 CMakeFiles/projeto.dir/C_/Users/diego/.pico-sdk/sdk/1.5.1/lib/lwip/src/core/tcp.c.obj
                0x1000cd4c                tcp_segs_free
 .text.tcp_seg_free
                0x1000cd84       0x1c CMakeFiles/projeto.dir/C_/Users/diego/.pico-sdk/sdk/1.5.1/lib/lwip/src/core/tcp.c.obj
                0x1000cd84                tcp_seg_free
 .text.tcp_seg_copy
                0x1000cda0       0x2c CMakeFiles/projeto.dir/C_/Users/diego/.pico-sdk/sdk/1.5.1/lib/lwip/src/core/tcp.c.obj
                0x1000cda0                tcp_seg_copy
 .text.tcp_recv
                0x1000cdcc       0x1c CMakeFiles/projeto.dir/C_/Users/diego/.pico-sdk/sdk/1.5.1/lib/lwip/src/core/tcp.c.obj
                0x1000cdcc                tcp_recv
 .text.tcp_accept
                0x1000cde8       0x10 CMakeFiles/projeto.dir/C_/Users/diego/.pico-sdk/sdk/1.5.1/lib/lwip/src/core/tcp.c.obj
                0x1000cde8                tcp_accept
 .text.tcp_pcb_purge
                0x1000cdf8       0x18 CMakeFiles/projeto.dir/C_/Users/diego/.pico-sdk/sdk/1.5.1/lib/lwip/src/core/tcp.c.obj
                0x1000cdf8                tcp_pcb_purge
 .text.tcp_pcb_remove
                0x1000ce10       0xc8 CMakeFiles/projeto.dir/C_/Users/diego/.pico-sdk/sdk/1.5.1/lib/lwip/src/core/tcp.c.obj
                0x1000ce10                tcp_pcb_remove
 .text.tcp_abandon
                0x1000ced8      0x1a0 CMakeFiles/projeto.dir/C_/Users/diego/.pico-sdk/sdk/1.5.1/lib/lwip/src/core/tcp.c.obj
                0x1000ced8                tcp_abandon
 .text.tcp_abort
                0x1000d078        0xc CMakeFiles/projeto.dir/C_/Users/diego/.pico-sdk/sdk/1.5.1/lib/lwip/src/core/tcp.c.obj
                0x1000d078                tcp_abort
 .text.tcp_accept_null
                0x1000d084       0x20 CMakeFiles/projeto.dir/C_/Users/diego/.pico-sdk/sdk/1.5.1/lib/lwip/src/core/tcp.c.obj
 .text.tcp_alloc
                0x1000d0a4      0x1d4 CMakeFiles/projeto.dir/C_/Users/diego/.pico-sdk/sdk/1.5.1/lib/lwip/src/core/tcp.c.obj
                0x1000d0a4                tcp_alloc
 .text.tcp_new  0x1000d278        0xc CMakeFiles/projeto.dir/C_/Users/diego/.pico-sdk/sdk/1.5.1/lib/lwip/src/core/tcp.c.obj
                0x1000d278                tcp_new
 .text.tcp_close_shutdown
                0x1000d284      0x188 CMakeFiles/projeto.dir/C_/Users/diego/.pico-sdk/sdk/1.5.1/lib/lwip/src/core/tcp.c.obj
 .text.tcp_recv_null
                0x1000d40c       0xcc CMakeFiles/projeto.dir/C_/Users/diego/.pico-sdk/sdk/1.5.1/lib/lwip/src/core/tcp.c.obj
                0x1000d40c                tcp_recv_null
 .text.tcp_process_refused_data
                0x1000d4d8       0x78 CMakeFiles/projeto.dir/C_/Users/diego/.pico-sdk/sdk/1.5.1/lib/lwip/src/core/tcp.c.obj
                0x1000d4d8                tcp_process_refused_data
 .text.tcp_fasttmr
                0x1000d550       0x98 CMakeFiles/projeto.dir/C_/Users/diego/.pico-sdk/sdk/1.5.1/lib/lwip/src/core/tcp.c.obj
                0x1000d550                tcp_fasttmr
 .text.tcp_tmr  0x1000d5e8       0x20 CMakeFiles/projeto.dir/C_/Users/diego/.pico-sdk/sdk/1.5.1/lib/lwip/src/core/tcp.c.obj
                0x1000d5e8                tcp_tmr
 .text.tcp_close
                0x1000d608      0x170 CMakeFiles/projeto.dir/C_/Users/diego/.pico-sdk/sdk/1.5.1/lib/lwip/src/core/tcp.c.obj
                0x1000d608                tcp_close
 .text.tcp_next_iss
                0x1000d778       0x28 CMakeFiles/projeto.dir/C_/Users/diego/.pico-sdk/sdk/1.5.1/lib/lwip/src/core/tcp.c.obj
                0x1000d778                tcp_next_iss
 .text.tcp_eff_send_mss_netif
                0x1000d7a0       0x34 CMakeFiles/projeto.dir/C_/Users/diego/.pico-sdk/sdk/1.5.1/lib/lwip/src/core/tcp.c.obj
                0x1000d7a0                tcp_eff_send_mss_netif
 .text.tcp_netif_ip_addr_changed
                0x1000d7d4       0x94 CMakeFiles/projeto.dir/C_/Users/diego/.pico-sdk/sdk/1.5.1/lib/lwip/src/core/tcp.c.obj
                0x1000d7d4                tcp_netif_ip_addr_changed
 .text.tcp_free_ooseq
                0x1000d868       0x40 CMakeFiles/projeto.dir/C_/Users/diego/.pico-sdk/sdk/1.5.1/lib/lwip/src/core/tcp.c.obj
                0x1000d868                tcp_free_ooseq
 .text.tcp_parseopt
                0x1000d8a8      0x1bc CMakeFiles/projeto.dir/C_/Users/diego/.pico-sdk/sdk/1.5.1/lib/lwip/src/core/tcp_in.c.obj
 .text.tcp_oos_insert_segment
                0x1000da64       0xdc CMakeFiles/projeto.dir/C_/Users/diego/.pico-sdk/sdk/1.5.1/lib/lwip/src/core/tcp_in.c.obj
 .text.tcp_free_acked_segments.isra.0
                0x1000db40       0xdc CMakeFiles/projeto.dir/C_/Users/diego/.pico-sdk/sdk/1.5.1/lib/lwip/src/core/tcp_in.c.obj
 .text.tcp_receive
                0x1000dc1c      0xa00 CMakeFiles/projeto.dir/C_/Users/diego/.pico-sdk/sdk/1.5.1/lib/lwip/src/core/tcp_in.c.obj
 .text.tcp_input
                0x1000e61c      0xe54 CMakeFiles/projeto.dir/C_/Users/diego/.pico-sdk/sdk/1.5.1/lib/lwip/src/core/tcp_in.c.obj
                0x1000e61c                tcp_input
 .text.tcp_trigger_input_pcb_close
                0x1000f470       0x10 CMakeFiles/projeto.dir/C_/Users/diego/.pico-sdk/sdk/1.5.1/lib/lwip/src/core/tcp_in.c.obj
                0x1000f470                tcp_trigger_input_pcb_close
 .text.tcp_create_segment
                0x1000f480       0xf8 CMakeFiles/projeto.dir/C_/Users/diego/.pico-sdk/sdk/1.5.1/lib/lwip/src/core/tcp_out.c.obj
 .text.tcp_output_control_segment
                0x1000f578       0xc0 CMakeFiles/projeto.dir/C_/Users/diego/.pico-sdk/sdk/1.5.1/lib/lwip/src/core/tcp_out.c.obj
 .text.tcp_output_alloc_header.constprop.0
                0x1000f638       0xc8 CMakeFiles/projeto.dir/C_/Users/diego/.pico-sdk/sdk/1.5.1/lib/lwip/src/core/tcp_out.c.obj
 .text.tcp_write
                0x1000f700      0x468 CMakeFiles/projeto.dir/C_/Users/diego/.pico-sdk/sdk/1.5.1/lib/lwip/src/core/tcp_out.c.obj
                0x1000f700                tcp_write
 .text.tcp_split_unsent_seg
                0x1000fb68      0x1b4 CMakeFiles/projeto.dir/C_/Users/diego/.pico-sdk/sdk/1.5.1/lib/lwip/src/core/tcp_out.c.obj
                0x1000fb68                tcp_split_unsent_seg
 .text.tcp_send_fin
                0x1000fd1c      0x118 CMakeFiles/projeto.dir/C_/Users/diego/.pico-sdk/sdk/1.5.1/lib/lwip/src/core/tcp_out.c.obj
                0x1000fd1c                tcp_send_fin
 .text.tcp_enqueue_flags
                0x1000fe34      0x108 CMakeFiles/projeto.dir/C_/Users/diego/.pico-sdk/sdk/1.5.1/lib/lwip/src/core/tcp_out.c.obj
                0x1000fe34                tcp_enqueue_flags
 .text.tcp_rexmit_rto_prepare
                0x1000ff3c       0x9c CMakeFiles/projeto.dir/C_/Users/diego/.pico-sdk/sdk/1.5.1/lib/lwip/src/core/tcp_out.c.obj
                0x1000ff3c                tcp_rexmit_rto_prepare
 .text.tcp_rexmit
                0x1000ffd8       0x9c CMakeFiles/projeto.dir/C_/Users/diego/.pico-sdk/sdk/1.5.1/lib/lwip/src/core/tcp_out.c.obj
                0x1000ffd8                tcp_rexmit
 .text.tcp_rexmit_fast
                0x10010074       0x64 CMakeFiles/projeto.dir/C_/Users/diego/.pico-sdk/sdk/1.5.1/lib/lwip/src/core/tcp_out.c.obj
                0x10010074                tcp_rexmit_fast
 .text.tcp_rst  0x100100d8       0xe8 CMakeFiles/projeto.dir/C_/Users/diego/.pico-sdk/sdk/1.5.1/lib/lwip/src/core/tcp_out.c.obj
                0x100100d8                tcp_rst
 .text.tcp_rst_netif
                0x100101c0      0x130 CMakeFiles/projeto.dir/C_/Users/diego/.pico-sdk/sdk/1.5.1/lib/lwip/src/core/tcp_out.c.obj
                0x100101c0                tcp_rst_netif
 .text.tcp_send_empty_ack
                0x100102f0       0x4c CMakeFiles/projeto.dir/C_/Users/diego/.pico-sdk/sdk/1.5.1/lib/lwip/src/core/tcp_out.c.obj
                0x100102f0                tcp_send_empty_ack
 .text.tcp_output
                0x1001033c      0x454 CMakeFiles/projeto.dir/C_/Users/diego/.pico-sdk/sdk/1.5.1/lib/lwip/src/core/tcp_out.c.obj
                0x1001033c                tcp_output
 .text.tcp_rexmit_rto_commit
                0x10010790       0x24 CMakeFiles/projeto.dir/C_/Users/diego/.pico-sdk/sdk/1.5.1/lib/lwip/src/core/tcp_out.c.obj
                0x10010790                tcp_rexmit_rto_commit
 .text.tcp_rexmit_rto
                0x100107b4       0xa4 CMakeFiles/projeto.dir/C_/Users/diego/.pico-sdk/sdk/1.5.1/lib/lwip/src/core/tcp_out.c.obj
                0x100107b4                tcp_rexmit_rto
 .text.tcp_keepalive
                0x10010858       0xdc CMakeFiles/projeto.dir/C_/Users/diego/.pico-sdk/sdk/1.5.1/lib/lwip/src/core/tcp_out.c.obj
                0x10010858                tcp_keepalive
 .text.tcp_zero_window_probe
                0x10010934      0x110 CMakeFiles/projeto.dir/C_/Users/diego/.pico-sdk/sdk/1.5.1/lib/lwip/src/core/tcp_out.c.obj
                0x10010934                tcp_zero_window_probe
 .text.tcpip_tcp_timer
                0x10010a44       0x78 CMakeFiles/projeto.dir/C_/Users/diego/.pico-sdk/sdk/1.5.1/lib/lwip/src/core/timeouts.c.obj
 .text.lwip_cyclic_timer
                0x10010abc       0x98 CMakeFiles/projeto.dir/C_/Users/diego/.pico-sdk/sdk/1.5.1/lib/lwip/src/core/timeouts.c.obj
 .text.tcp_timer_needed
                0x10010b54       0x7c CMakeFiles/projeto.dir/C_/Users/diego/.pico-sdk/sdk/1.5.1/lib/lwip/src/core/timeouts.c.obj
                0x10010b54                tcp_timer_needed
 .text.sys_timeouts_init
                0x10010bd0       0x8c CMakeFiles/projeto.dir/C_/Users/diego/.pico-sdk/sdk/1.5.1/lib/lwip/src/core/timeouts.c.obj
                0x10010bd0                sys_timeouts_init
 .text.sys_check_timeouts
                0x10010c5c       0x68 CMakeFiles/projeto.dir/C_/Users/diego/.pico-sdk/sdk/1.5.1/lib/lwip/src/core/timeouts.c.obj
                0x10010c5c                sys_check_timeouts
 .text.sys_timeouts_sleeptime
                0x10010cc4       0x28 CMakeFiles/projeto.dir/C_/Users/diego/.pico-sdk/sdk/1.5.1/lib/lwip/src/core/timeouts.c.obj
                0x10010cc4                sys_timeouts_sleeptime
 .text.udp_init
                0x10010cec       0x20 CMakeFiles/projeto.dir/C_/Users/diego/.pico-sdk/sdk/1.5.1/lib/lwip/src/core/udp.c.obj
                0x10010cec                udp_init
 .text.udp_input
                0x10010d0c      0x320 CMakeFiles/projeto.dir/C_/Users/diego/.pico-sdk/sdk/1.5.1/lib/lwip/src/core/udp.c.obj
                0x10010d0c                udp_input
 .text.udp_bind
                0x1001102c      0x118 CMakeFiles/projeto.dir/C_/Users/diego/.pico-sdk/sdk/1.5.1/lib/lwip/src/core/udp.c.obj
                0x1001102c                udp_bind
 .text.udp_sendto_if_src
                0x10011144      0x130 CMakeFiles/projeto.dir/C_/Users/diego/.pico-sdk/sdk/1.5.1/lib/lwip/src/core/udp.c.obj
                0x10011144                udp_sendto_if_src
 .text.udp_sendto_if
                0x10011274       0x48 CMakeFiles/projeto.dir/C_/Users/diego/.pico-sdk/sdk/1.5.1/lib/lwip/src/core/udp.c.obj
                0x10011274                udp_sendto_if
 .text.udp_sendto
                0x100112bc       0x78 CMakeFiles/projeto.dir/C_/Users/diego/.pico-sdk/sdk/1.5.1/lib/lwip/src/core/udp.c.obj
                0x100112bc                udp_sendto
 .text.udp_connect
                0x10011334       0x60 CMakeFiles/projeto.dir/C_/Users/diego/.pico-sdk/sdk/1.5.1/lib/lwip/src/core/udp.c.obj
                0x10011334                udp_connect
 .text.udp_recv
                0x10011394        0xc CMakeFiles/projeto.dir/C_/Users/diego/.pico-sdk/sdk/1.5.1/lib/lwip/src/core/udp.c.obj
                0x10011394                udp_recv
 .text.udp_remove
                0x100113a0       0x3c CMakeFiles/projeto.dir/C_/Users/diego/.pico-sdk/sdk/1.5.1/lib/lwip/src/core/udp.c.obj
                0x100113a0                udp_remove
 .text.udp_new  0x100113dc       0x1c CMakeFiles/projeto.dir/C_/Users/diego/.pico-sdk/sdk/1.5.1/lib/lwip/src/core/udp.c.obj
                0x100113dc                udp_new
 .text.udp_new_ip_type
                0x100113f8       0x1c CMakeFiles/projeto.dir/C_/Users/diego/.pico-sdk/sdk/1.5.1/lib/lwip/src/core/udp.c.obj
                0x100113f8                udp_new_ip_type
 .text.udp_netif_ip_addr_changed
                0x10011414       0x40 CMakeFiles/projeto.dir/C_/Users/diego/.pico-sdk/sdk/1.5.1/lib/lwip/src/core/udp.c.obj
                0x10011414                udp_netif_ip_addr_changed
 .text.dhcp_create_msg
                0x10011454      0x164 CMakeFiles/projeto.dir/C_/Users/diego/.pico-sdk/sdk/1.5.1/lib/lwip/src/core/ipv4/dhcp.c.obj
 .text.dhcp_inc_pcb_refcount
                0x100115b8       0x6c CMakeFiles/projeto.dir/C_/Users/diego/.pico-sdk/sdk/1.5.1/lib/lwip/src/core/ipv4/dhcp.c.obj
 .text.dhcp_bind
                0x10011624      0x154 CMakeFiles/projeto.dir/C_/Users/diego/.pico-sdk/sdk/1.5.1/lib/lwip/src/core/ipv4/dhcp.c.obj
 .text.dhcp_option_hostname.isra.0
                0x10011778       0x84 CMakeFiles/projeto.dir/C_/Users/diego/.pico-sdk/sdk/1.5.1/lib/lwip/src/core/ipv4/dhcp.c.obj
 .text.dhcp_handle_ack.isra.0
                0x100117fc       0xcc CMakeFiles/projeto.dir/C_/Users/diego/.pico-sdk/sdk/1.5.1/lib/lwip/src/core/ipv4/dhcp.c.obj
 .text.dhcp_reboot.isra.0
                0x100118c8      0x178 CMakeFiles/projeto.dir/C_/Users/diego/.pico-sdk/sdk/1.5.1/lib/lwip/src/core/ipv4/dhcp.c.obj
 .text.dhcp_discover
                0x10011a40      0x140 CMakeFiles/projeto.dir/C_/Users/diego/.pico-sdk/sdk/1.5.1/lib/lwip/src/core/ipv4/dhcp.c.obj
 .text.dhcp_select.isra.0
                0x10011b80      0x1e0 CMakeFiles/projeto.dir/C_/Users/diego/.pico-sdk/sdk/1.5.1/lib/lwip/src/core/ipv4/dhcp.c.obj
 .text.dhcp_recv
                0x10011d60      0x47c CMakeFiles/projeto.dir/C_/Users/diego/.pico-sdk/sdk/1.5.1/lib/lwip/src/core/ipv4/dhcp.c.obj
 .text.dhcp_set_struct
                0x100121dc       0x44 CMakeFiles/projeto.dir/C_/Users/diego/.pico-sdk/sdk/1.5.1/lib/lwip/src/core/ipv4/dhcp.c.obj
                0x100121dc                dhcp_set_struct
 .text.dhcp_network_changed_link_up
                0x10012220       0x40 CMakeFiles/projeto.dir/C_/Users/diego/.pico-sdk/sdk/1.5.1/lib/lwip/src/core/ipv4/dhcp.c.obj
                0x10012220                dhcp_network_changed_link_up
 .text.dhcp_renew
                0x10012260      0x138 CMakeFiles/projeto.dir/C_/Users/diego/.pico-sdk/sdk/1.5.1/lib/lwip/src/core/ipv4/dhcp.c.obj
                0x10012260                dhcp_renew
 .text.dhcp_release_and_stop
                0x10012398      0x158 CMakeFiles/projeto.dir/C_/Users/diego/.pico-sdk/sdk/1.5.1/lib/lwip/src/core/ipv4/dhcp.c.obj
                0x10012398                dhcp_release_and_stop
 .text.dhcp_start
                0x100124f0       0xb0 CMakeFiles/projeto.dir/C_/Users/diego/.pico-sdk/sdk/1.5.1/lib/lwip/src/core/ipv4/dhcp.c.obj
                0x100124f0                dhcp_start
 .text.dhcp_coarse_tmr
                0x100125a0      0x1d8 CMakeFiles/projeto.dir/C_/Users/diego/.pico-sdk/sdk/1.5.1/lib/lwip/src/core/ipv4/dhcp.c.obj
                0x100125a0                dhcp_coarse_tmr
 .text.dhcp_fine_tmr
                0x10012778       0x78 CMakeFiles/projeto.dir/C_/Users/diego/.pico-sdk/sdk/1.5.1/lib/lwip/src/core/ipv4/dhcp.c.obj
                0x10012778                dhcp_fine_tmr
 .text.dhcp_stop
                0x100127f0      0x158 CMakeFiles/projeto.dir/C_/Users/diego/.pico-sdk/sdk/1.5.1/lib/lwip/src/core/ipv4/dhcp.c.obj
                0x100127f0                dhcp_stop
 .text.etharp_find_entry
                0x10012948      0x3c0 CMakeFiles/projeto.dir/C_/Users/diego/.pico-sdk/sdk/1.5.1/lib/lwip/src/core/ipv4/etharp.c.obj
 .text.etharp_raw
                0x10012d08       0xec CMakeFiles/projeto.dir/C_/Users/diego/.pico-sdk/sdk/1.5.1/lib/lwip/src/core/ipv4/etharp.c.obj
 .text.etharp_output_to_arp_index
                0x10012df4       0xd0 CMakeFiles/projeto.dir/C_/Users/diego/.pico-sdk/sdk/1.5.1/lib/lwip/src/core/ipv4/etharp.c.obj
 .text.etharp_tmr
                0x10012ec4       0x94 CMakeFiles/projeto.dir/C_/Users/diego/.pico-sdk/sdk/1.5.1/lib/lwip/src/core/ipv4/etharp.c.obj
                0x10012ec4                etharp_tmr
 .text.etharp_cleanup_netif
                0x10012f58      0x188 CMakeFiles/projeto.dir/C_/Users/diego/.pico-sdk/sdk/1.5.1/lib/lwip/src/core/ipv4/etharp.c.obj
                0x10012f58                etharp_cleanup_netif
 .text.etharp_input
                0x100130e0      0x1b8 CMakeFiles/projeto.dir/C_/Users/diego/.pico-sdk/sdk/1.5.1/lib/lwip/src/core/ipv4/etharp.c.obj
                0x100130e0                etharp_input
 .text.etharp_query
                0x10013298      0x1b8 CMakeFiles/projeto.dir/C_/Users/diego/.pico-sdk/sdk/1.5.1/lib/lwip/src/core/ipv4/etharp.c.obj
                0x10013298                etharp_query
 .text.etharp_output
                0x10013450      0x24c CMakeFiles/projeto.dir/C_/Users/diego/.pico-sdk/sdk/1.5.1/lib/lwip/src/core/ipv4/etharp.c.obj
                0x10013450                etharp_output
 .text.etharp_request
                0x1001369c       0x2c CMakeFiles/projeto.dir/C_/Users/diego/.pico-sdk/sdk/1.5.1/lib/lwip/src/core/ipv4/etharp.c.obj
                0x1001369c                etharp_request
 .text.icmp_input
                0x100136c8      0x1ec CMakeFiles/projeto.dir/C_/Users/diego/.pico-sdk/sdk/1.5.1/lib/lwip/src/core/ipv4/icmp.c.obj
                0x100136c8                icmp_input
 .text.icmp_dest_unreach
                0x100138b4       0xcc CMakeFiles/projeto.dir/C_/Users/diego/.pico-sdk/sdk/1.5.1/lib/lwip/src/core/ipv4/icmp.c.obj
                0x100138b4                icmp_dest_unreach
 .text.icmp_time_exceeded
                0x10013980       0xcc CMakeFiles/projeto.dir/C_/Users/diego/.pico-sdk/sdk/1.5.1/lib/lwip/src/core/ipv4/icmp.c.obj
                0x10013980                icmp_time_exceeded
 .text.ip_reass_free_complete_datagram
                0x10013a4c      0x11c CMakeFiles/projeto.dir/C_/Users/diego/.pico-sdk/sdk/1.5.1/lib/lwip/src/core/ipv4/ip4_frag.c.obj
 .text.ip_reass_remove_oldest_datagram
                0x10013b68       0xd8 CMakeFiles/projeto.dir/C_/Users/diego/.pico-sdk/sdk/1.5.1/lib/lwip/src/core/ipv4/ip4_frag.c.obj
 .text.ip_reass_tmr
                0x10013c40       0x30 CMakeFiles/projeto.dir/C_/Users/diego/.pico-sdk/sdk/1.5.1/lib/lwip/src/core/ipv4/ip4_frag.c.obj
                0x10013c40                ip_reass_tmr
 .text.ip4_reass
                0x10013c70      0x560 CMakeFiles/projeto.dir/C_/Users/diego/.pico-sdk/sdk/1.5.1/lib/lwip/src/core/ipv4/ip4_frag.c.obj
                0x10013c70                ip4_reass
 .text.ip4_frag
                0x100141d0      0x254 CMakeFiles/projeto.dir/C_/Users/diego/.pico-sdk/sdk/1.5.1/lib/lwip/src/core/ipv4/ip4_frag.c.obj
                0x100141d0                ip4_frag
 .text.ip4_route
                0x10014424       0x7c CMakeFiles/projeto.dir/C_/Users/diego/.pico-sdk/sdk/1.5.1/lib/lwip/src/core/ipv4/ip4.c.obj
                0x10014424                ip4_route
 .text.ip4_input
                0x100144a0      0x300 CMakeFiles/projeto.dir/C_/Users/diego/.pico-sdk/sdk/1.5.1/lib/lwip/src/core/ipv4/ip4.c.obj
                0x100144a0                ip4_input
 .text.ip4_output_if
                0x100147a0      0x190 CMakeFiles/projeto.dir/C_/Users/diego/.pico-sdk/sdk/1.5.1/lib/lwip/src/core/ipv4/ip4.c.obj
                0x100147a0                ip4_output_if
 .text.ip4_output_if_src
                0x10014930      0x184 CMakeFiles/projeto.dir/C_/Users/diego/.pico-sdk/sdk/1.5.1/lib/lwip/src/core/ipv4/ip4.c.obj
                0x10014930                ip4_output_if_src
 .text.ip4_addr_isbroadcast_u32
                0x10014ab4       0x3c CMakeFiles/projeto.dir/C_/Users/diego/.pico-sdk/sdk/1.5.1/lib/lwip/src/core/ipv4/ip4_addr.c.obj
                0x10014ab4                ip4_addr_isbroadcast_u32
 .text.ip4addr_aton
                0x10014af0      0x1a8 CMakeFiles/projeto.dir/C_/Users/diego/.pico-sdk/sdk/1.5.1/lib/lwip/src/core/ipv4/ip4_addr.c.obj
                0x10014af0                ip4addr_aton
 .text.ethernet_input
                0x10014c98       0xd0 CMakeFiles/projeto.dir/C_/Users/diego/.pico-sdk/sdk/1.5.1/lib/lwip/src/netif/ethernet.c.obj
                0x10014c98                ethernet_input
 .text.ethernet_output
                0x10014d68       0x6c CMakeFiles/projeto.dir/C_/Users/diego/.pico-sdk/sdk/1.5.1/lib/lwip/src/netif/ethernet.c.obj
                0x10014d68                ethernet_output